<html>
<body>
<pre>
<h1>µVision Build Log</h1>
<h2>Tool Versions:</h2>
IDE-Version: µVision V5.38.0.0
Copyright (C) 2022 ARM Ltd and ARM Germany GmbH. All rights reserved.
License Information: vu nghf, vugh, LIC=SDA0P-MMDV3-453T5-GY4RB-ZPP1Q-QKZ0Z
 
Tool Versions:
Toolchain:       MDK-ARM Plus  Version: 5.38.0.0
Toolchain Path:  C:\Keil_v5\ARM\ARMCLANG\Bin
C Compiler:      ArmClang.exe V6.19
Assembler:       Armasm.exe V6.19
Linker/Locator:  ArmLink.exe V6.19
Library Manager: ArmAr.exe V6.19
Hex Converter:   FromElf.exe V6.19
CPU DLL:         SARMCM3.DLL V5.38.0.0
Dialog DLL:      DCM.DLL V1.17.5.0
Target DLL:      STLink\ST-LINKIII-KEIL_SWO.dll V3.1.0.0
Dialog DLL:      TCM.DLL V1.56.4.0
 
<h2>Project:</h2>
D:\CODE\STM\MockProject_STM32F103\Mock_Project.uvprojx
Project File Date:  09/04/2023

<h2>Output:</h2>
*** Using Compiler 'V6.19', folder: 'C:\Keil_v5\ARM\ARMCLANG\Bin'
Build target 'Target 1'
APP_FUNCTION.c(2): warning: In file included from...
./APP_FUNCTION.h(5): warning: In file included from...
./STM32F1XX.h(9): warning: In file included from...
./CLOCK.h(21): warning: // comments are not allowed in this language [-Wcomment]
//#define APB1_Not_Div
^
APP_FUNCTION.c(2): warning: In file included from...
./APP_FUNCTION.h(5): warning: In file included from...
./STM32F1XX.h(14): warning: In file included from...
./SPI.h(17): warning: // comments are not allowed in this language [-Wcomment]
// #define Slave_Config
^
APP_FUNCTION.c(163): warning: result of comparison of unsigned expression >= 0 is always true [-Wtautological-unsigned-zero-compare]
    if( (Time->Hour>=0) && (Time->Hour<=23) ) Result=TRUE;
         ~~~~~~~~~~^ ~
3 warnings generated.
compiling APP_FUNCTION.c...
linking...
Program Size: Code=9616 RO-data=268 RW-data=4 ZI-data=1836  
FromELF: creating hex file...
".\Objects\Mock_Project.axf" - 0 Error(s), 3 Warning(s).

<h2>Software Packages used:</h2>

Package Vendor: ARM
                http://www.keil.com/pack/ARM.CMSIS.5.9.0.pack
                ARM.CMSIS.5.9.0
                CMSIS (Common Microcontroller Software Interface Standard)
   * Component: CORE Version: 5.6.0

Package Vendor: Keil
                https://www.keil.com/pack/Keil.STM32F1xx_DFP.2.4.1.pack
                Keil.STM32F1xx_DFP.2.4.1
                STMicroelectronics STM32F1 Series Device Support, Drivers and Examples
   * Component: Startup Version: 1.0.0

<h2>Collection of Component include folders:</h2>
  ./RTE/Device/STM32F103C8
  ./RTE/_Target_1
  C:/Users/PC/AppData/Local/Arm/Packs/ARM/CMSIS/5.9.0/CMSIS/Core/Include
  C:/Users/PC/AppData/Local/Arm/Packs/Keil/STM32F1xx_DFP/2.4.1/Device/Include

<h2>Collection of Component Files used:</h2>

   * Component: ARM::CMSIS:CORE:5.6.0

   * Component: Keil::Device:Startup:1.0.0
      Source file:   Device/Source/system_stm32f10x.c
      Source file:   Device/Source/ARM/STM32F1xx_OPT.s
      Include file:  RTE_Driver/Config/RTE_Device.h
      Source file:   Device/Source/ARM/startup_stm32f10x_md.s
Build Time Elapsed:  00:00:00
</pre>
</body>
</html>
