<html>
<body>
<pre>
<h1>µVision Build Log</h1>
<h2>Tool Versions:</h2>
IDE-Version: µVision V5.38.0.0
Copyright (C) 2022 ARM Ltd and ARM Germany GmbH. All rights reserved.
License Information: nhan trong, vucom, LIC=YA39H-WVJR4-UH58H-W2ITH-QY6S7-GQVRY
 
Tool Versions:
Toolchain:       MDK-ARM Plus  Version: 5.38.0.0
Toolchain Path:  C:\Keil_v5\ARM\ARMCLANG\Bin
C Compiler:      ArmClang.exe V6.19
Assembler:       Armasm.exe V6.19
Linker/Locator:  ArmLink.exe V6.19
Library Manager: ArmAr.exe V6.19
Hex Converter:   FromElf.exe V6.19
CPU DLL:         SARMCM3.DLL V5.38.0.0
Dialog DLL:      DCM.DLL V1.17.5.0
Target DLL:      STLink\ST-LINKIII-KEIL_SWO.dll V3.1.0.0
Dialog DLL:      TCM.DLL V1.56.4.0
 
<h2>Project:</h2>
D:\CODE\EMB\MockProject_STM32F103\Mock_Project.uvprojx
Project File Date:  09/02/2023

<h2>Output:</h2>
*** Using Compiler 'V6.19', folder: 'C:\Keil_v5\ARM\ARMCLANG\Bin'
Build target 'Target 1'
NVIC.c(1): warning: In file included from...
./NVIC.h(4): warning: In file included from...
./STM32F1XX.h(9): warning: In file included from...
./CLOCK.h(21): warning: // comments are not allowed in this language [-Wcomment]
//#define APB1_Not_Div
^
NVIC.c(1): warning: In file included from...
./NVIC.h(4): warning: In file included from...
./STM32F1XX.h(14): warning: In file included from...
./SPI.h(17): warning: // comments are not allowed in this language [-Wcomment]
// #define Slave_Config
^
NVIC.c(1): warning: In file included from...
./NVIC.h(4): warning: In file included from...
./STM32F1XX.h(17): warning: In file included from...
./String.h(5): warning: incompatible redeclaration of library function 'strcmp' [-Wincompatible-library-redeclaration]
unsigned char strcmp(const unsigned char *S1, const unsigned char *S2);
              ^
./String.h(5): note: 'strcmp' is a builtin with type 'int (const char *, const char *)'
NVIC.c(1): warning: In file included from...
./NVIC.h(5): warning: In file included from...
./NVIC_Register.h(20): warning: padding struct 'NVIC_Typedef' with 3 bytes to align 'STIR' [-Wpadded]
  volatile unsigned int STIR;          
                        ^
4 warnings generated.
compiling NVIC.c...
CLOCK.c(2): warning: In file included from...
./CLOCK.h(5): warning: In file included from...
./STM32F1XX.h(14): warning: In file included from...
./SPI.h(17): warning: // comments are not allowed in this language [-Wcomment]
// #define Slave_Config
^
CLOCK.c(2): warning: In file included from...
./CLOCK.h(5): warning: In file included from...
./STM32F1XX.h(17): warning: In file included from...
./String.h(5): warning: incompatible redeclaration of library function 'strcmp' [-Wincompatible-library-redeclaration]
unsigned char strcmp(const unsigned char *S1, const unsigned char *S2);
              ^
./String.h(5): note: 'strcmp' is a builtin with type 'int (const char *, const char *)'
CLOCK.c(2): warning: In file included from...
./CLOCK.h(21): warning: // comments are not allowed in this language [-Wcomment]
//#define APB1_Not_Div
^
3 warnings generated.
compiling CLOCK.c...
SPI.c(2): warning: In file included from...
./SPI.h(5): warning: In file included from...
./STM32F1XX.h(9): warning: In file included from...
./CLOCK.h(21): warning: // comments are not allowed in this language [-Wcomment]
//#define APB1_Not_Div
^
SPI.c(2): warning: In file included from...
./SPI.h(5): warning: In file included from...
./STM32F1XX.h(17): warning: In file included from...
./String.h(5): warning: incompatible redeclaration of library function 'strcmp' [-Wincompatible-library-redeclaration]
unsigned char strcmp(const unsigned char *S1, const unsigned char *S2);
              ^
./String.h(5): note: 'strcmp' is a builtin with type 'int (const char *, const char *)'
SPI.c(2): warning: In file included from...
./SPI.h(17): warning: // comments are not allowed in this language [-Wcomment]
// #define Slave_Config
^
SPI.c(62): warning: // comments are not allowed in this language [-Wcomment]
                // SPI1_EnableSlave();
                ^
SPI.c(11): warning: mixing declarations and code is a C99 extension [-Wdeclaration-after-statement]
        unsigned short Data=0;
                       ^
SPI.c(12): warning: unused variable 'data1' [-Wunused-variable]
        static unsigned char data1[10]= {'H','e','l','l','o'};
                             ^
SPI.c(13): warning: unused variable 'data2' [-Wunused-variable]
        static unsigned char data2[10]= {'a','l','o','9','9'};
                             ^
SPI.c(7): warning: function 'SPI_MAINTEST' could be declared with attribute 'noreturn' [-Wmissing-noreturn]
{
^
8 warnings generated.
compiling SPI.c...
main.c(2): warning: In file included from...
./STM32F1XX.h(9): warning: In file included from...
./CLOCK.h(21): warning: // comments are not allowed in this language [-Wcomment]
//#define APB1_Not_Div
^
main.c(2): warning: In file included from...
./STM32F1XX.h(14): warning: In file included from...
./SPI.h(17): warning: // comments are not allowed in this language [-Wcomment]
// #define Slave_Config
^
main.c(2): warning: In file included from...
./STM32F1XX.h(17): warning: In file included from...
./String.h(5): warning: incompatible redeclaration of library function 'strcmp' [-Wincompatible-library-redeclaration]
unsigned char strcmp(const unsigned char *S1, const unsigned char *S2);
              ^
./String.h(5): note: 'strcmp' is a builtin with type 'int (const char *, const char *)'
3 warnings generated.
compiling main.c...
TIMER.c(2): warning: In file included from...
./TIMER.h(5): warning: In file included from...
./STM32F1XX.h(9): warning: In file included from...
./CLOCK.h(21): warning: // comments are not allowed in this language [-Wcomment]
//#define APB1_Not_Div
^
TIMER.c(2): warning: In file included from...
./TIMER.h(5): warning: In file included from...
./STM32F1XX.h(14): warning: In file included from...
./SPI.h(17): warning: // comments are not allowed in this language [-Wcomment]
// #define Slave_Config
^
TIMER.c(2): warning: In file included from...
./TIMER.h(5): warning: In file included from...
./STM32F1XX.h(17): warning: In file included from...
./String.h(5): warning: incompatible redeclaration of library function 'strcmp' [-Wincompatible-library-redeclaration]
unsigned char strcmp(const unsigned char *S1, const unsigned char *S2);
              ^
./String.h(5): note: 'strcmp' is a builtin with type 'int (const char *, const char *)'
3 warnings generated.
compiling TIMER.c...
APP_FUNCTION.c(2): warning: In file included from...
./APP_FUNCTION.h(5): warning: In file included from...
./STM32F1XX.h(9): warning: In file included from...
./CLOCK.h(21): warning: // comments are not allowed in this language [-Wcomment]
//#define APB1_Not_Div
^
APP_FUNCTION.c(2): warning: In file included from...
./APP_FUNCTION.h(5): warning: In file included from...
./STM32F1XX.h(14): warning: In file included from...
./SPI.h(17): warning: // comments are not allowed in this language [-Wcomment]
// #define Slave_Config
^
APP_FUNCTION.c(2): warning: In file included from...
./APP_FUNCTION.h(5): warning: In file included from...
./STM32F1XX.h(17): warning: In file included from...
./String.h(5): warning: incompatible redeclaration of library function 'strcmp' [-Wincompatible-library-redeclaration]
unsigned char strcmp(const unsigned char *S1, const unsigned char *S2);
              ^
./String.h(5): note: 'strcmp' is a builtin with type 'int (const char *, const char *)'
APP_FUNCTION.c(82): warning: passing 'char[8]' to parameter of type 'const unsigned char *' converts between pointers to integer types where one is of the unique plain 'char' type and the other is not [-Wpointer-sign]
  if( strcmp(Data,"[START]")==1 ) /* START */
                  ^~~~~~~~~
./String.h(5): note: passing argument to parameter 'S2' here
unsigned char strcmp(const unsigned char *S1, const unsigned char *S2);
                                                                   ^
APP_FUNCTION.c(29): warning: unused function 'Watch_Display' [-Wunused-function]
static void Watch_Display(void)
            ^
APP_FUNCTION.c(61): warning: unused function 'F_SaveTime' [-Wunused-function]
static void F_SaveTime(DayTime_typedef TimeSave)
            ^
APP_FUNCTION.c(66): warning: unused function 'F_SetTimer' [-Wunused-function]
static void F_SetTimer(DayTime_typedef TimerSet)
            ^
APP_FUNCTION.c(153): warning: unused function 'Check_Action_Mode' [-Wunused-function]
static void Check_Action_Mode(void)
            ^
8 warnings generated.
compiling APP_FUNCTION.c...
UART.c(2): warning: In file included from...
./UART.h(5): warning: In file included from...
./STM32F1XX.h(9): warning: In file included from...
./CLOCK.h(21): warning: // comments are not allowed in this language [-Wcomment]
//#define APB1_Not_Div
^
UART.c(2): warning: In file included from...
./UART.h(5): warning: In file included from...
./STM32F1XX.h(14): warning: In file included from...
./SPI.h(17): warning: // comments are not allowed in this language [-Wcomment]
// #define Slave_Config
^
UART.c(2): warning: In file included from...
./UART.h(5): warning: In file included from...
./STM32F1XX.h(17): warning: In file included from...
./String.h(5): warning: incompatible redeclaration of library function 'strcmp' [-Wincompatible-library-redeclaration]
unsigned char strcmp(const unsigned char *S1, const unsigned char *S2);
              ^
./String.h(5): note: 'strcmp' is a builtin with type 'int (const char *, const char *)'
UART.c(160): warning: no previous extern declaration for non-static variable 'CheckRead' [-Wmissing-variable-declarations]
unsigned int CheckRead=0;
             ^
UART.c(160): note: declare 'static' if the variable is not intended to be used outside of this translation unit
unsigned int CheckRead=0;
^
UART.c(179): warning: // comments are not allowed in this language [-Wcomment]
                // if( Uart_GetReceiveState() == EMPTY )
                ^
UART.c(163): warning: function 'UART_V2_MAIN_TEST' could be declared with attribute 'noreturn' [-Wmissing-noreturn]
{
^
6 warnings generated.
compiling UART.c...
GPIO.c(2): warning: In file included from...
./GPIO.h(4): warning: In file included from...
./STM32F1XX.h(9): warning: In file included from...
./CLOCK.h(21): warning: // comments are not allowed in this language [-Wcomment]
//#define APB1_Not_Div
^
GPIO.c(2): warning: In file included from...
./GPIO.h(4): warning: In file included from...
./STM32F1XX.h(14): warning: In file included from...
./SPI.h(17): warning: // comments are not allowed in this language [-Wcomment]
// #define Slave_Config
^
GPIO.c(2): warning: In file included from...
./GPIO.h(4): warning: In file included from...
./STM32F1XX.h(17): warning: In file included from...
./String.h(5): warning: incompatible redeclaration of library function 'strcmp' [-Wincompatible-library-redeclaration]
unsigned char strcmp(const unsigned char *S1, const unsigned char *S2);
              ^
./String.h(5): note: 'strcmp' is a builtin with type 'int (const char *, const char *)'
3 warnings generated.
compiling GPIO.c...
Softtimer.c(2): warning: In file included from...
./Softtimer.h(5): warning: In file included from...
./STM32F1XX.h(9): warning: In file included from...
./CLOCK.h(21): warning: // comments are not allowed in this language [-Wcomment]
//#define APB1_Not_Div
^
Softtimer.c(2): warning: In file included from...
./Softtimer.h(5): warning: In file included from...
./STM32F1XX.h(14): warning: In file included from...
./SPI.h(17): warning: // comments are not allowed in this language [-Wcomment]
// #define Slave_Config
^
Softtimer.c(2): warning: In file included from...
./Softtimer.h(5): warning: In file included from...
./STM32F1XX.h(17): warning: In file included from...
./String.h(5): warning: incompatible redeclaration of library function 'strcmp' [-Wincompatible-library-redeclaration]
unsigned char strcmp(const unsigned char *S1, const unsigned char *S2);
              ^
./String.h(5): note: 'strcmp' is a builtin with type 'int (const char *, const char *)'
Softtimer.c(2): warning: In file included from...
./Softtimer.h(25): warning: padding struct 'struct Softtimer' with 3 bytes to align 'TimeoutValue' [-Wpadded]
  unsigned int TimeoutValue;
               ^
4 warnings generated.
compiling Softtimer.c...
LED_MAX7219.c(2): warning: In file included from...
./LED_MAX7219.h(5): warning: In file included from...
./STM32F1XX.h(9): warning: In file included from...
./CLOCK.h(21): warning: // comments are not allowed in this language [-Wcomment]
//#define APB1_Not_Div
^
LED_MAX7219.c(2): warning: In file included from...
./LED_MAX7219.h(5): warning: In file included from...
./STM32F1XX.h(14): warning: In file included from...
./SPI.h(17): warning: // comments are not allowed in this language [-Wcomment]
// #define Slave_Config
^
LED_MAX7219.c(2): warning: In file included from...
./LED_MAX7219.h(5): warning: In file included from...
./STM32F1XX.h(17): warning: In file included from...
./String.h(5): warning: incompatible redeclaration of library function 'strcmp' [-Wincompatible-library-redeclaration]
unsigned char strcmp(const unsigned char *S1, const unsigned char *S2);
              ^
./String.h(5): note: 'strcmp' is a builtin with type 'int (const char *, const char *)'
3 warnings generated.
compiling LED_MAX7219.c...
linking...
Program Size: Code=5998 RO-data=262 RW-data=0 ZI-data=1840  
FromELF: creating hex file...
".\Objects\Mock_Project.axf" - 0 Error(s), 45 Warning(s).

<h2>Software Packages used:</h2>

Package Vendor: ARM
                http://www.keil.com/pack/ARM.CMSIS.5.9.0.pack
                ARM.CMSIS.5.9.0
                CMSIS (Common Microcontroller Software Interface Standard)
   * Component: CORE Version: 5.6.0

Package Vendor: Keil
                https://www.keil.com/pack/Keil.STM32F1xx_DFP.2.4.1.pack
                Keil.STM32F1xx_DFP.2.4.1
                STMicroelectronics STM32F1 Series Device Support, Drivers and Examples
   * Component: Startup Version: 1.0.0

<h2>Collection of Component include folders:</h2>
  ./RTE/Device/STM32F103C8
  ./RTE/_Target_1
  C:/Users/Dell/AppData/Local/Arm/Packs/ARM/CMSIS/5.9.0/CMSIS/Core/Include
  C:/Users/Dell/AppData/Local/Arm/Packs/Keil/STM32F1xx_DFP/2.4.1/Device/Include

<h2>Collection of Component Files used:</h2>

   * Component: ARM::CMSIS:CORE:5.6.0

   * Component: Keil::Device:Startup:1.0.0
      Include file:  RTE_Driver/Config/RTE_Device.h
      Source file:   Device/Source/ARM/startup_stm32f10x_md.s
      Source file:   Device/Source/system_stm32f10x.c
      Source file:   Device/Source/ARM/STM32F1xx_OPT.s
Build Time Elapsed:  00:00:02
</pre>
</body>
</html>
