Component: Arm Compiler for Embedded 6.19 Tool: armlink [5e73cb00]

==============================================================================

Section Cross References

    main.o(.text.main) refers to app_function.o(.text.MAIN_APP) for MAIN_APP
    main.o(.ARM.exidx.text.main) refers to main.o(.text.main) for [Anonymous Symbol]
    app_function.o(.text.MAIN_APP) refers to clock.o(.text.InitClockHSE) for InitClockHSE
    app_function.o(.text.MAIN_APP) refers to softtimer.o(.text.Softtimer_Init) for Softtimer_Init
    app_function.o(.text.MAIN_APP) refers to uart.o(.text.USART1_Init) for USART1_Init
    app_function.o(.text.MAIN_APP) refers to spi.o(.text.SPI1_Init) for SPI1_Init
    app_function.o(.text.MAIN_APP) refers to timer.o(.text.TIM2_Init) for TIM2_Init
    app_function.o(.text.MAIN_APP) refers to led_max7219.o(.text.MAX7219_Init) for MAX7219_Init
    app_function.o(.text.MAIN_APP) refers to app_function.o(.text.APP_Init) for APP_Init
    app_function.o(.text.MAIN_APP) refers to app_function.o(.text.ACTION) for ACTION
    app_function.o(.text.MAIN_APP) refers to app_function.o(.bss.Watch) for Watch
    app_function.o(.text.MAIN_APP) refers to led_max7219.o(.text.LCD_TimeDisplay) for LCD_TimeDisplay
    app_function.o(.text.MAIN_APP) refers to app_function.o(.bss.Data_Read) for Data_Read
    app_function.o(.text.MAIN_APP) refers to uart.o(.text.Uart_GetReceiveData) for Uart_GetReceiveData
    app_function.o(.text.MAIN_APP) refers to app_function.o(.bss.Length_Data_Read) for Length_Data_Read
    app_function.o(.text.MAIN_APP) refers to softtimer.o(.text.Softtimer_MainFunction) for Softtimer_MainFunction
    app_function.o(.text.MAIN_APP) refers to uart.o(.text.Uart_TxMainFunction) for Uart_TxMainFunction
    app_function.o(.text.MAIN_APP) refers to timer.o(.text.Delay_TIM2_ms) for Delay_TIM2_ms
    app_function.o(.ARM.exidx.text.MAIN_APP) refers to app_function.o(.text.MAIN_APP) for [Anonymous Symbol]
    app_function.o(.text.APP_Init) refers to app_function.o(.bss.Watch) for Watch
    app_function.o(.text.APP_Init) refers to app_function.o(.bss.Time_Mode) for Time_Mode
    app_function.o(.ARM.exidx.text.APP_Init) refers to app_function.o(.text.APP_Init) for [Anonymous Symbol]
    app_function.o(.text.ACTION) refers to app_function.o(.bss.Step_Action) for Step_Action
    app_function.o(.text.ACTION) refers to app_function.o(.text.Check_Data_UART) for Check_Data_UART
    app_function.o(.text.ACTION) refers to app_function.o(.bss.Action_Buffer) for Action_Buffer
    app_function.o(.text.ACTION) refers to app_function.o(.text.Decode_Data) for Decode_Data
    app_function.o(.ARM.exidx.text.ACTION) refers to app_function.o(.text.ACTION) for [Anonymous Symbol]
    app_function.o(.text.Check_Data_UART) refers to app_function.o(.bss.Length_Data_Read) for Length_Data_Read
    app_function.o(.text.Check_Data_UART) refers to app_function.o(.bss.Data_Read) for Data_Read
    app_function.o(.text.Check_Data_UART) refers to app_function.o(.bss.Action_Buffer) for Action_Buffer
    app_function.o(.text.Check_Data_UART) refers to app_function.o(.bss.Step_Action) for Step_Action
    app_function.o(.text.Check_Data_UART) refers to string.o(.text.BufferClear) for BufferClear
    app_function.o(.ARM.exidx.text.Check_Data_UART) refers to app_function.o(.text.Check_Data_UART) for [Anonymous Symbol]
    app_function.o(.text.Decode_Data) refers to app_function.o(.rodata.str1.1) for .L.str
    app_function.o(.text.Decode_Data) refers to string.o(.text.strcmp) for strcmp
    app_function.o(.text.Decode_Data) refers to app_function.o(.bss.Action_Mode) for Action_Mode
    app_function.o(.text.Decode_Data) refers to app_function.o(.bss.SetTimer) for SetTimer
    app_function.o(.text.Decode_Data) refers to app_function.o(.text.Link_Number) for Link_Number
    app_function.o(.text.Decode_Data) refers to app_function.o(.bss.Time_Mode) for Time_Mode
    app_function.o(.text.Decode_Data) refers to app_function.o(.bss.Watch) for Watch
    app_function.o(.text.Decode_Data) refers to app_function.o(.bss.Length_Data_Read) for Length_Data_Read
    app_function.o(.text.Decode_Data) refers to app_function.o(.bss.Data_Read) for Data_Read
    app_function.o(.text.Decode_Data) refers to string.o(.text.BufferClear) for BufferClear
    app_function.o(.text.Decode_Data) refers to app_function.o(.bss.Step_Action) for Step_Action
    app_function.o(.ARM.exidx.text.Decode_Data) refers to app_function.o(.text.Decode_Data) for [Anonymous Symbol]
    app_function.o(.ARM.exidx.text.Link_Number) refers to app_function.o(.text.Link_Number) for [Anonymous Symbol]
    uart.o(.text.USART1_Init) refers to uart.o(.text.Setup_GPIO_PA9TX_PA10RX) for Setup_GPIO_PA9TX_PA10RX
    uart.o(.text.USART1_Init) refers to uart.o(.text.USART1_Init_CLK) for USART1_Init_CLK
    uart.o(.text.USART1_Init) refers to nvic.o(.text.NVIC_SetPriority) for NVIC_SetPriority
    uart.o(.text.USART1_Init) refers to nvic.o(.text.NVIC_ClearPendingFlag) for NVIC_ClearPendingFlag
[...]
    clock.o(.ARM.exidx.text.Clock_AFIO) refers to clock.o(.text.Clock_AFIO) for [Anonymous Symbol]
    clock.o(.ARM.exidx.text.Clock_SPI1) refers to clock.o(.text.Clock_SPI1) for [Anonymous Symbol]
    clock.o(.ARM.exidx.text.I2C1_EnableClock) refers to clock.o(.text.I2C1_EnableClock) for [Anonymous Symbol]
    clock.o(.ARM.exidx.text.I2C2_EnableClock) refers to clock.o(.text.I2C2_EnableClock) for [Anonymous Symbol]
    clock.o(.ARM.exidx.text.DMA1_EnableClock) refers to clock.o(.text.DMA1_EnableClock) for [Anonymous Symbol]
    clock.o(.ARM.exidx.text.DMA2_EnableClock) refers to clock.o(.text.DMA2_EnableClock) for [Anonymous Symbol]
    clock.o(.ARM.exidx.text.ADC_EnableClock) refers to clock.o(.text.ADC_EnableClock) for [Anonymous Symbol]
    gpio.o(.text.SetPinInput) refers to gpio.o(.text.SetINPUT) for SetINPUT
    gpio.o(.text.SetPinInput) refers to gpio.o(.text.SetPullUpDown) for SetPullUpDown
    gpio.o(.ARM.exidx.text.SetPinInput) refers to gpio.o(.text.SetPinInput) for [Anonymous Symbol]
    gpio.o(.ARM.exidx.text.SetINPUT) refers to gpio.o(.text.SetINPUT) for [Anonymous Symbol]
    gpio.o(.ARM.exidx.text.SetPullUpDown) refers to gpio.o(.text.SetPullUpDown) for [Anonymous Symbol]
    gpio.o(.text.SetPinOutput) refers to gpio.o(.text.SetOUTPUT) for SetOUTPUT
    gpio.o(.ARM.exidx.text.SetPinOutput) refers to gpio.o(.text.SetPinOutput) for [Anonymous Symbol]
    gpio.o(.ARM.exidx.text.SetOUTPUT) refers to gpio.o(.text.SetOUTPUT) for [Anonymous Symbol]
    gpio.o(.ARM.exidx.text.WritePin) refers to gpio.o(.text.WritePin) for [Anonymous Symbol]
    gpio.o(.ARM.exidx.text.ReadPin) refers to gpio.o(.text.ReadPin) for [Anonymous Symbol]
    gpio.o(.ARM.exidx.text.TogglePin) refers to gpio.o(.text.TogglePin) for [Anonymous Symbol]
    gpio.o(.text.Init_PA8_MCO) refers to clock.o(.text.Enable_Disable_Clock_PortA) for Enable_Disable_Clock_PortA
    gpio.o(.ARM.exidx.text.Init_PA8_MCO) refers to gpio.o(.text.Init_PA8_MCO) for [Anonymous Symbol]
    gpio.o(.text.Blink_LED) refers to gpio.o(.text.WritePin) for WritePin
    gpio.o(.text.Blink_LED) refers to gpio.o(.text.Delay) for Delay
    gpio.o(.ARM.exidx.text.Blink_LED) refers to gpio.o(.text.Blink_LED) for [Anonymous Symbol]
    gpio.o(.ARM.exidx.text.Delay) refers to gpio.o(.text.Delay) for [Anonymous Symbol]
    gpio.o(.text.Button_Led) refers to gpio.o(.text.ReadPin) for ReadPin
    gpio.o(.text.Button_Led) refers to gpio.o(.text.WritePin) for WritePin
    gpio.o(.ARM.exidx.text.Button_Led) refers to gpio.o(.text.Button_Led) for [Anonymous Symbol]
    softtimer.o(.text.Softtimer_Init) refers to softtimer.o(.bss.TimeCountMs) for TimeCountMs
    softtimer.o(.ARM.exidx.text.Softtimer_Init) refers to softtimer.o(.text.Softtimer_Init) for [Anonymous Symbol]
    softtimer.o(.text.Softtimer_StartTimer) refers to softtimer.o(.bss.TIMER) for TIMER
    softtimer.o(.text.Softtimer_StartTimer) refers to softtimer.o(.bss.TimeCountMs) for TimeCountMs
    softtimer.o(.ARM.exidx.text.Softtimer_StartTimer) refers to softtimer.o(.text.Softtimer_StartTimer) for [Anonymous Symbol]
    softtimer.o(.text.Softtimer_StopTimer) refers to softtimer.o(.bss.TIMER) for TIMER
    softtimer.o(.ARM.exidx.text.Softtimer_StopTimer) refers to softtimer.o(.text.Softtimer_StopTimer) for [Anonymous Symbol]
    softtimer.o(.text.Softtimer_MainFunction) refers to softtimer.o(.bss.TIMER) for TIMER
    softtimer.o(.text.Softtimer_MainFunction) refers to softtimer.o(.bss.TimeCountMs) for TimeCountMs
    softtimer.o(.ARM.exidx.text.Softtimer_MainFunction) refers to softtimer.o(.text.Softtimer_MainFunction) for [Anonymous Symbol]
    softtimer.o(.text.SysTick_Handler) refers to softtimer.o(.bss.TimeCountMs) for TimeCountMs
    softtimer.o(.ARM.exidx.text.SysTick_Handler) refers to softtimer.o(.text.SysTick_Handler) for [Anonymous Symbol]
    led_max7219.o(.text.MAX7219_Init) refers to spi.o(.text.SPI1_Send16bit) for SPI1_Send16bit
    led_max7219.o(.ARM.exidx.text.MAX7219_Init) refers to led_max7219.o(.text.MAX7219_Init) for [Anonymous Symbol]
    led_max7219.o(.text.LCD_Print) refers to spi.o(.text.SPI1_Send16bit) for SPI1_Send16bit
    led_max7219.o(.ARM.exidx.text.LCD_Print) refers to led_max7219.o(.text.LCD_Print) for [Anonymous Symbol]
    led_max7219.o(.text.LCD_TurnOff) refers to spi.o(.text.SPI1_Send16bit) for SPI1_Send16bit
    led_max7219.o(.ARM.exidx.text.LCD_TurnOff) refers to led_max7219.o(.text.LCD_TurnOff) for [Anonymous Symbol]
    led_max7219.o(.text.LCD_TwoNumber) refers to led_max7219.o(.text.LCD_Print) for LCD_Print
    led_max7219.o(.ARM.exidx.text.LCD_TwoNumber) refers to led_max7219.o(.text.LCD_TwoNumber) for [Anonymous Symbol]
    led_max7219.o(.text.LCD_TimeDisplay) refers to led_max7219.o(.text.LCD_TurnOff) for LCD_TurnOff
    led_max7219.o(.text.LCD_TimeDisplay) refers to led_max7219.o(.text.LCD_TwoNumber) for LCD_TwoNumber
    led_max7219.o(.ARM.exidx.text.LCD_TimeDisplay) refers to led_max7219.o(.text.LCD_TimeDisplay) for [Anonymous Symbol]
    led_max7219.o(.text.LCD_DayDisplay) refers to led_max7219.o(.text.LCD_TurnOff) for LCD_TurnOff
    led_max7219.o(.text.LCD_DayDisplay) refers to led_max7219.o(.text.LCD_TwoNumber) for LCD_TwoNumber
    led_max7219.o(.ARM.exidx.text.LCD_DayDisplay) refers to led_max7219.o(.text.LCD_DayDisplay) for [Anonymous Symbol]
    string.o(.ARM.exidx.text.strcmp) refers to string.o(.text.strcmp) for [Anonymous Symbol]
    string.o(.ARM.exidx.text.str_len) refers to string.o(.text.str_len) for [Anonymous Symbol]
    string.o(.ARM.exidx.text.str_cpy) refers to string.o(.text.str_cpy) for [Anonymous Symbol]
    string.o(.text.str_cat) refers to string.o(.text.str_len) for str_len
    string.o(.ARM.exidx.text.str_cat) refers to string.o(.text.str_cat) for [Anonymous Symbol]
    string.o(.text.str_lwr) refers to string.o(.text.str_len) for str_len
    string.o(.ARM.exidx.text.str_lwr) refers to string.o(.text.str_lwr) for [Anonymous Symbol]
    string.o(.text.str_upr) refers to string.o(.text.str_len) for str_len
    string.o(.ARM.exidx.text.str_upr) refers to string.o(.text.str_upr) for [Anonymous Symbol]
    string.o(.ARM.exidx.text.BufferClear) refers to string.o(.text.BufferClear) for [Anonymous Symbol]
    startup_stm32f10x_md.o(STACK) refers (Special) to heapauxi.o(.text) for __use_two_region_memory
    startup_stm32f10x_md.o(HEAP) refers (Special) to heapauxi.o(.text) for __use_two_region_memory
    startup_stm32f10x_md.o(RESET) refers (Special) to heapauxi.o(.text) for __use_two_region_memory
    startup_stm32f10x_md.o(RESET) refers to startup_stm32f10x_md.o(STACK) for __initial_sp
    startup_stm32f10x_md.o(RESET) refers to startup_stm32f10x_md.o(.text) for Reset_Handler
    startup_stm32f10x_md.o(RESET) refers to softtimer.o(.text.SysTick_Handler) for SysTick_Handler
    startup_stm32f10x_md.o(RESET) refers to timer.o(.text.TIM2_IRQHandler) for TIM2_IRQHandler
    startup_stm32f10x_md.o(RESET) refers to spi.o(.text.SPI1_IRQHandler) for SPI1_IRQHandler
    startup_stm32f10x_md.o(RESET) refers to uart.o(.text.USART1_IRQHandler) for USART1_IRQHandler
    startup_stm32f10x_md.o(.text) refers (Special) to heapauxi.o(.text) for __use_two_region_memory
    startup_stm32f10x_md.o(.text) refers to system_stm32f10x.o(.text.SystemInit) for SystemInit
    startup_stm32f10x_md.o(.text) refers to __main.o(!!!main) for __main
    startup_stm32f10x_md.o(.text) refers to startup_stm32f10x_md.o(HEAP) for Heap_Mem
    startup_stm32f10x_md.o(.text) refers to startup_stm32f10x_md.o(STACK) for Stack_Mem
    system_stm32f10x.o(.text.SystemInit) refers to system_stm32f10x.o(.text.SetSysClock) for SetSysClock
    system_stm32f10x.o(.ARM.exidx.text.SystemInit) refers to system_stm32f10x.o(.text.SystemInit) for [Anonymous Symbol]
    system_stm32f10x.o(.text.SetSysClock) refers to system_stm32f10x.o(.text.SetSysClockTo72) for SetSysClockTo72
    system_stm32f10x.o(.ARM.exidx.text.SetSysClock) refers to system_stm32f10x.o(.text.SetSysClock) for [Anonymous Symbol]
    system_stm32f10x.o(.text.SystemCoreClockUpdate) refers to system_stm32f10x.o(.data.SystemCoreClock) for SystemCoreClock
    system_stm32f10x.o(.text.SystemCoreClockUpdate) refers to system_stm32f10x.o(.rodata.AHBPrescTable) for AHBPrescTable
    system_stm32f10x.o(.ARM.exidx.text.SystemCoreClockUpdate) refers to system_stm32f10x.o(.text.SystemCoreClockUpdate) for [Anonymous Symbol]
    system_stm32f10x.o(.ARM.exidx.text.SetSysClockTo72) refers to system_stm32f10x.o(.text.SetSysClockTo72) for [Anonymous Symbol]
    __main.o(!!!main) refers to __rtentry.o(.ARM.Collect$$rtentry$$00000000) for __rt_entry
    __rtentry.o(.ARM.Collect$$rtentry$$00000000) refers (Special) to __rtentry2.o(.ARM.Collect$$rtentry$$0000000A) for __rt_entry_li
    __rtentry.o(.ARM.Collect$$rtentry$$00000000) refers (Special) to __rtentry2.o(.ARM.Collect$$rtentry$$0000000D) for __rt_entry_main
    __rtentry.o(.ARM.Collect$$rtentry$$00000000) refers (Special) to __rtentry2.o(.ARM.Collect$$rtentry$$0000000C) for __rt_entry_postli_1
    __rtentry.o(.ARM.Collect$$rtentry$$00000000) refers (Special) to __rtentry2.o(.ARM.Collect$$rtentry$$00000009) for __rt_entry_postsh_1
    __rtentry.o(.ARM.Collect$$rtentry$$00000000) refers (Special) to __rtentry2.o(.ARM.Collect$$rtentry$$00000002) for __rt_entry_presh_1
    __rtentry.o(.ARM.Collect$$rtentry$$00000000) refers (Special) to __rtentry4.o(.ARM.Collect$$rtentry$$00000004) for __rt_entry_sh
    __rtentry2.o(.ARM.Collect$$rtentry$$00000008) refers to boardinit2.o(.text) for _platform_post_stackheap_init
    __rtentry2.o(.ARM.Collect$$rtentry$$0000000A) refers to libinit.o(.ARM.Collect$$libinit$$00000000) for __rt_lib_init
    __rtentry2.o(.ARM.Collect$$rtentry$$0000000B) refers to boardinit3.o(.text) for _platform_post_lib_init
    __rtentry2.o(.ARM.Collect$$rtentry$$0000000D) refers to main.o(.text.main) for main
    __rtentry2.o(.ARM.Collect$$rtentry$$0000000D) refers to exit.o(.text) for exit
    __rtentry2.o(.ARM.exidx) refers to __rtentry2.o(.ARM.Collect$$rtentry$$00000001) for .ARM.Collect$$rtentry$$00000001
    __rtentry2.o(.ARM.exidx) refers to __rtentry2.o(.ARM.Collect$$rtentry$$00000008) for .ARM.Collect$$rtentry$$00000008
    __rtentry2.o(.ARM.exidx) refers to __rtentry2.o(.ARM.Collect$$rtentry$$0000000A) for .ARM.Collect$$rtentry$$0000000A
    __rtentry2.o(.ARM.exidx) refers to __rtentry2.o(.ARM.Collect$$rtentry$$0000000B) for .ARM.Collect$$rtentry$$0000000B
    __rtentry2.o(.ARM.exidx) refers to __rtentry2.o(.ARM.Collect$$rtentry$$0000000D) for .ARM.Collect$$rtentry$$0000000D
    __rtentry4.o(.ARM.Collect$$rtentry$$00000004) refers to sys_stackheap_outer.o(.text) for __user_setup_stackheap
    __rtentry4.o(.ARM.exidx) refers to __rtentry4.o(.ARM.Collect$$rtentry$$00000004) for .ARM.Collect$$rtentry$$00000004
    sys_stackheap_outer.o(.text) refers to libspace.o(.text) for __user_perproc_libspace
    sys_stackheap_outer.o(.text) refers to startup_stm32f10x_md.o(.text) for __user_initial_stackheap
    exit.o(.text) refers to rtexit.o(.ARM.Collect$$rtexit$$00000000) for __rt_exit
    libinit.o(.ARM.Collect$$libinit$$00000000) refers (Special) to libinit2.o(.ARM.Collect$$libinit$$00000030) for __rt_lib_init_alloca_1
    libinit.o(.ARM.Collect$$libinit$$00000000) refers (Special) to libinit2.o(.ARM.Collect$$libinit$$0000002E) for __rt_lib_init_argv_1
    libinit.o(.ARM.Collect$$libinit$$00000000) refers (Special) to libinit2.o(.ARM.Collect$$libinit$$0000001D) for __rt_lib_init_atexit_1
    libinit.o(.ARM.Collect$$libinit$$00000000) refers (Special) to libinit2.o(.ARM.Collect$$libinit$$00000023) for __rt_lib_init_clock_1
    libinit.o(.ARM.Collect$$libinit$$00000000) refers (Special) to libinit2.o(.ARM.Collect$$libinit$$00000034) for __rt_lib_init_cpp_1
    libinit.o(.ARM.Collect$$libinit$$00000000) refers (Special) to libinit2.o(.ARM.Collect$$libinit$$00000032) for __rt_lib_init_exceptions_1
    libinit.o(.ARM.Collect$$libinit$$00000000) refers (Special) to libinit2.o(.ARM.Collect$$libinit$$00000002) for __rt_lib_init_fp_1
    libinit.o(.ARM.Collect$$libinit$$00000000) refers (Special) to libinit2.o(.ARM.Collect$$libinit$$00000021) for __rt_lib_init_fp_trap_1
    libinit.o(.ARM.Collect$$libinit$$00000000) refers (Special) to libinit2.o(.ARM.Collect$$libinit$$00000025) for __rt_lib_init_getenv_1
    libinit.o(.ARM.Collect$$libinit$$00000000) refers (Special) to libinit2.o(.ARM.Collect$$libinit$$0000000C) for __rt_lib_init_heap_1
    libinit.o(.ARM.Collect$$libinit$$00000000) refers (Special) to libinit2.o(.ARM.Collect$$libinit$$00000013) for __rt_lib_init_lc_collate_1
    libinit.o(.ARM.Collect$$libinit$$00000000) refers (Special) to libinit2.o(.ARM.Collect$$libinit$$00000015) for __rt_lib_init_lc_ctype_1
    libinit.o(.ARM.Collect$$libinit$$00000000) refers (Special) to libinit2.o(.ARM.Collect$$libinit$$00000017) for __rt_lib_init_lc_monetary_1
    libinit.o(.ARM.Collect$$libinit$$00000000) refers (Special) to libinit2.o(.ARM.Collect$$libinit$$00000019) for __rt_lib_init_lc_numeric_1
    libinit.o(.ARM.Collect$$libinit$$00000000) refers (Special) to libinit2.o(.ARM.Collect$$libinit$$0000001B) for __rt_lib_init_lc_time_1
    libinit.o(.ARM.Collect$$libinit$$00000000) refers (Special) to libinit2.o(.ARM.Collect$$libinit$$00000006) for __rt_lib_init_preinit_1
    libinit.o(.ARM.Collect$$libinit$$00000000) refers (Special) to libinit2.o(.ARM.Collect$$libinit$$00000010) for __rt_lib_init_rand_1
    libinit.o(.ARM.Collect$$libinit$$00000000) refers (Special) to libinit2.o(.ARM.Collect$$libinit$$00000004) for __rt_lib_init_relocate_pie_1
    libinit.o(.ARM.Collect$$libinit$$00000000) refers (Special) to libinit2.o(.ARM.Collect$$libinit$$00000035) for __rt_lib_init_return
    libinit.o(.ARM.Collect$$libinit$$00000000) refers (Special) to libinit2.o(.ARM.Collect$$libinit$$0000001F) for __rt_lib_init_signal_1
    libinit.o(.ARM.Collect$$libinit$$00000000) refers (Special) to libinit2.o(.ARM.Collect$$libinit$$00000027) for __rt_lib_init_stdio_1
    libinit.o(.ARM.Collect$$libinit$$00000000) refers (Special) to libinit2.o(.ARM.Collect$$libinit$$0000000E) for __rt_lib_init_user_alloc_1
    libspace.o(.text) refers to libspace.o(.bss) for __libspace_start
    rtexit.o(.ARM.Collect$$rtexit$$00000000) refers (Special) to rtexit2.o(.ARM.Collect$$rtexit$$00000004) for __rt_exit_exit
    rtexit.o(.ARM.Collect$$rtexit$$00000000) refers (Special) to rtexit2.o(.ARM.Collect$$rtexit$$00000003) for __rt_exit_ls
    rtexit.o(.ARM.Collect$$rtexit$$00000000) refers (Special) to rtexit2.o(.ARM.Collect$$rtexit$$00000002) for __rt_exit_prels_1
    rtexit.o(.ARM.exidx) refers (Special) to rtexit2.o(.ARM.Collect$$rtexit$$00000004) for __rt_exit_exit
    rtexit.o(.ARM.exidx) refers (Special) to rtexit2.o(.ARM.Collect$$rtexit$$00000003) for __rt_exit_ls
    rtexit.o(.ARM.exidx) refers (Special) to rtexit2.o(.ARM.Collect$$rtexit$$00000002) for __rt_exit_prels_1
    rtexit.o(.ARM.exidx) refers to rtexit.o(.ARM.Collect$$rtexit$$00000000) for .ARM.Collect$$rtexit$$00000000
    libinit2.o(.ARM.Collect$$libinit$$00000012) refers to libinit2.o(.ARM.Collect$$libinit$$00000011) for .ARM.Collect$$libinit$$00000011
    libinit2.o(.ARM.Collect$$libinit$$00000014) refers to libinit2.o(.ARM.Collect$$libinit$$00000011) for .ARM.Collect$$libinit$$00000011
    libinit2.o(.ARM.Collect$$libinit$$00000016) refers to libinit2.o(.ARM.Collect$$libinit$$00000011) for .ARM.Collect$$libinit$$00000011
    libinit2.o(.ARM.Collect$$libinit$$00000018) refers to libinit2.o(.ARM.Collect$$libinit$$00000011) for .ARM.Collect$$libinit$$00000011
    libinit2.o(.ARM.Collect$$libinit$$0000001A) refers to libinit2.o(.ARM.Collect$$libinit$$00000011) for .ARM.Collect$$libinit$$00000011
    libinit2.o(.ARM.Collect$$libinit$$00000028) refers to argv_veneer.o(.emb_text) for __ARM_argv_veneer
    libinit2.o(.ARM.Collect$$libinit$$00000029) refers to argv_veneer.o(.emb_text) for __ARM_argv_veneer
    rtexit2.o(.ARM.Collect$$rtexit$$00000003) refers to libshutdown.o(.ARM.Collect$$libshutdown$$00000000) for __rt_lib_shutdown
    rtexit2.o(.ARM.Collect$$rtexit$$00000004) refers to sys_exit.o(.text) for _sys_exit
    rtexit2.o(.ARM.exidx) refers to rtexit2.o(.ARM.Collect$$rtexit$$00000001) for .ARM.Collect$$rtexit$$00000001
    rtexit2.o(.ARM.exidx) refers to rtexit2.o(.ARM.Collect$$rtexit$$00000003) for .ARM.Collect$$rtexit$$00000003
    rtexit2.o(.ARM.exidx) refers to rtexit2.o(.ARM.Collect$$rtexit$$00000004) for .ARM.Collect$$rtexit$$00000004
    argv_veneer.o(.emb_text) refers to no_argv.o(.text) for __ARM_get_argv
    sys_exit.o(.text) refers (Special) to use_no_semi.o(.text) for __I$use$semihosting
    sys_exit.o(.text) refers (Special) to indicate_semi.o(.text) for __semihosting_library_function
    sys_exit_hlt.o(.text) refers (Special) to use_no_semi.o(.text) for __I$use$semihosting
    sys_exit_hlt.o(.text) refers (Special) to indicate_semi.o(.text) for __semihosting_library_function
    _get_argv_nomalloc.o(.text) refers (Special) to hrguard.o(.text) for __heap_region$guard
    _get_argv_nomalloc.o(.text) refers to defsig_rtmem_outer.o(.text) for __rt_SIGRTMEM
    _get_argv_nomalloc.o(.text) refers to sys_command.o(.text) for _sys_command_string
    libshutdown.o(.ARM.Collect$$libshutdown$$00000000) refers (Special) to libshutdown2.o(.ARM.Collect$$libshutdown$$00000002) for __rt_lib_shutdown_cpp_1
    libshutdown.o(.ARM.Collect$$libshutdown$$00000000) refers (Special) to libshutdown2.o(.ARM.Collect$$libshutdown$$00000007) for __rt_lib_shutdown_fp_trap_1
    libshutdown.o(.ARM.Collect$$libshutdown$$00000000) refers (Special) to libshutdown2.o(.ARM.Collect$$libshutdown$$0000000F) for __rt_lib_shutdown_heap_1
    libshutdown.o(.ARM.Collect$$libshutdown$$00000000) refers (Special) to libshutdown2.o(.ARM.Collect$$libshutdown$$00000010) for __rt_lib_shutdown_return
    libshutdown.o(.ARM.Collect$$libshutdown$$00000000) refers (Special) to libshutdown2.o(.ARM.Collect$$libshutdown$$0000000A) for __rt_lib_shutdown_signal_1
    libshutdown.o(.ARM.Collect$$libshutdown$$00000000) refers (Special) to libshutdown2.o(.ARM.Collect$$libshutdown$$00000004) for __rt_lib_shutdown_stdio_1
    libshutdown.o(.ARM.Collect$$libshutdown$$00000000) refers (Special) to libshutdown2.o(.ARM.Collect$$libshutdown$$0000000C) for __rt_lib_shutdown_user_alloc_1
    sys_command.o(.text) refers (Special) to use_no_semi.o(.text) for __I$use$semihosting
    sys_command.o(.text) refers (Special) to indicate_semi.o(.text) for __semihosting_library_function
    sys_command_hlt.o(.text) refers (Special) to use_no_semi.o(.text) for __I$use$semihosting
    sys_command_hlt.o(.text) refers (Special) to indicate_semi.o(.text) for __semihosting_library_function
    defsig_rtmem_outer.o(.text) refers to defsig_rtmem_inner.o(.text) for __rt_SIGRTMEM_inner
    defsig_rtmem_outer.o(.text) refers to defsig_exit.o(.text) for __sig_exit
    defsig_rtmem_formal.o(.text) refers to rt_raise.o(.text) for __rt_raise
    rt_raise.o(.text) refers to __raise.o(.text) for __raise
    rt_raise.o(.text) refers to sys_exit.o(.text) for _sys_exit
    defsig_exit.o(.text) refers to sys_exit.o(.text) for _sys_exit
    defsig_rtmem_inner.o(.text) refers to defsig_general.o(.text) for __default_signal_display
    __raise.o(.text) refers to defsig.o(CL$$defsig) for __default_signal_handler
    defsig_general.o(.text) refers to sys_wrch.o(.text) for _ttywrch
    sys_wrch.o(.text) refers (Special) to use_no_semi.o(.text) for __I$use$semihosting
    sys_wrch.o(.text) refers (Special) to indicate_semi.o(.text) for __semihosting_library_function
    sys_wrch_hlt.o(.text) refers (Special) to use_no_semi.o(.text) for __I$use$semihosting
    sys_wrch_hlt.o(.text) refers (Special) to indicate_semi.o(.text) for __semihosting_library_function
    defsig.o(CL$$defsig) refers to defsig_rtmem_inner.o(.text) for __rt_SIGRTMEM_inner
    defsig_abrt_inner.o(.text) refers to defsig_general.o(.text) for __default_signal_display
    defsig_fpe_inner.o(.text) refers to defsig_general.o(.text) for __default_signal_display
    defsig_rtred_inner.o(.text) refers to defsig_general.o(.text) for __default_signal_display
    defsig_stak_inner.o(.text) refers to defsig_general.o(.text) for __default_signal_display
    defsig_pvfn_inner.o(.text) refers to defsig_general.o(.text) for __default_signal_display
    defsig_cppl_inner.o(.text) refers to defsig_general.o(.text) for __default_signal_display
    defsig_segv_inner.o(.text) refers to defsig_general.o(.text) for __default_signal_display
    defsig_other.o(.text) refers to defsig_general.o(.text) for __default_signal_display


==============================================================================

Removing Unused input sections from the image.

    Removing main.o(.text), (0 bytes).
    Removing main.o(.ARM.exidx.text.main), (8 bytes).
    Removing main.o(.ARM.use_no_argv), (4 bytes).
    Removing app_function.o(.text), (0 bytes).
    Removing app_function.o(.ARM.exidx.text.MAIN_APP), (8 bytes).
    Removing app_function.o(.ARM.exidx.text.APP_Init), (8 bytes).
    Removing app_function.o(.ARM.exidx.text.ACTION), (8 bytes).
    Removing app_function.o(.ARM.exidx.text.Check_Data_UART), (8 bytes).
    Removing app_function.o(.ARM.exidx.text.Decode_Data), (8 bytes).
    Removing app_function.o(.ARM.exidx.text.Link_Number), (8 bytes).
    Removing uart.o(.text), (0 bytes).
    Removing uart.o(.ARM.exidx.text.USART1_Init), (8 bytes).
    Removing uart.o(.ARM.exidx.text.Setup_GPIO_PA9TX_PA10RX), (8 bytes).
    Removing uart.o(.ARM.exidx.text.USART1_Init_CLK), (8 bytes).
    Removing uart.o(.ARM.exidx.text.USART1_IRQHandler), (8 bytes).
    Removing uart.o(.ARM.exidx.text.Uart_RxMainFunction), (8 bytes).
    Removing uart.o(.text.Uart_Transmit), (122 bytes).
    Removing uart.o(.ARM.exidx.text.Uart_Transmit), (8 bytes).
    Removing uart.o(.text.Uart_GetTransmitState), (12 bytes).
    Removing uart.o(.ARM.exidx.text.Uart_GetTransmitState), (8 bytes).
    Removing uart.o(.ARM.exidx.text.Uart_TxMainFunction), (8 bytes).
    Removing uart.o(.ARM.exidx.text.Uart_GetReceiveData), (8 bytes).
    Removing uart.o(.text.Uart_GetReceiveState), (12 bytes).
    Removing uart.o(.ARM.exidx.text.Uart_GetReceiveState), (8 bytes).
    Removing uart.o(.text.UART_V2_MAIN_TEST), (104 bytes).
    Removing uart.o(.ARM.exidx.text.UART_V2_MAIN_TEST), (8 bytes).
    Removing uart.o(.bss.CheckRead), (4 bytes).
    Removing uart.o(.data.TestDataSend), (5 bytes).
    Removing uart.o(.bss.TestReadData), (20 bytes).
    Removing spi.o(.text), (0 bytes).
    Removing spi.o(.text.SPI_MAINTEST), (194 bytes).
    Removing spi.o(.ARM.exidx.text.SPI_MAINTEST), (8 bytes).
    Removing spi.o(.ARM.exidx.text.SPI1_Init), (8 bytes).
    Removing spi.o(.ARM.exidx.text.SPI1_Send16bit), (8 bytes).
    Removing spi.o(.ARM.exidx.text.SPI1_Enable), (8 bytes).
    Removing spi.o(.ARM.exidx.text.SPI1_DisableSlave), (8 bytes).
    Removing spi.o(.text.SPI1_Disable), (18 bytes).
    Removing spi.o(.ARM.exidx.text.SPI1_Disable), (8 bytes).
    Removing spi.o(.ARM.exidx.text.SPI1_EnableSlave), (8 bytes).
    Removing spi.o(.text.SPI1_SendData), (158 bytes).
    Removing spi.o(.ARM.exidx.text.SPI1_SendData), (8 bytes).
    Removing spi.o(.text.SPI1_ReadData), (112 bytes).
    Removing spi.o(.ARM.exidx.text.SPI1_ReadData), (8 bytes).
    Removing spi.o(.ARM.exidx.text.SPI1_IRQHandler), (8 bytes).
    Removing spi.o(.data.SPI_MAINTEST.data1), (10 bytes).
    Removing spi.o(.data.SPI_MAINTEST.data2), (10 bytes).
    Removing timer.o(.text), (0 bytes).
    Removing timer.o(.ARM.exidx.text.TIM2_Init), (8 bytes).
    Removing timer.o(.ARM.exidx.text.Delay_TIM2_ms), (8 bytes).
    Removing timer.o(.text.Delay_TIM2_us), (44 bytes).
    Removing timer.o(.ARM.exidx.text.Delay_TIM2_us), (8 bytes).
    Removing timer.o(.ARM.exidx.text.TIM2_IRQHandler), (8 bytes).
    Removing nvic.o(.text), (0 bytes).
    Removing nvic.o(.ARM.exidx.text.NVIC_EnableInterrupt), (8 bytes).
    Removing nvic.o(.text.NVIC_DisableInterrupt), (50 bytes).
    Removing nvic.o(.ARM.exidx.text.NVIC_DisableInterrupt), (8 bytes).
    Removing nvic.o(.ARM.exidx.text.NVIC_ClearPendingFlag), (8 bytes).
    Removing nvic.o(.ARM.exidx.text.NVIC_SetPriority), (8 bytes).
    Removing clock.o(.text), (0 bytes).
    Removing clock.o(.ARM.exidx.text.InitClockHSE), (8 bytes).
    Removing clock.o(.ARM.exidx.text.Enable_Disable_Clock_PortA), (8 bytes).
    Removing clock.o(.text.Enable_Disable_Clock_PortB), (56 bytes).
    Removing clock.o(.ARM.exidx.text.Enable_Disable_Clock_PortB), (8 bytes).
    Removing clock.o(.text.Enable_Disable_Clock_PortC), (56 bytes).
    Removing clock.o(.ARM.exidx.text.Enable_Disable_Clock_PortC), (8 bytes).
    Removing clock.o(.text.Enable_Disable_Clock_PortD), (56 bytes).
    Removing clock.o(.ARM.exidx.text.Enable_Disable_Clock_PortD), (8 bytes).
    Removing clock.o(.text.Enable_Disable_Clock_PortE), (56 bytes).
    Removing clock.o(.ARM.exidx.text.Enable_Disable_Clock_PortE), (8 bytes).
    Removing clock.o(.text.Enable_Disable_Clock_PortF), (56 bytes).
    Removing clock.o(.ARM.exidx.text.Enable_Disable_Clock_PortF), (8 bytes).
    Removing clock.o(.text.Enable_Disable_Clock_PortG), (56 bytes).
    Removing clock.o(.ARM.exidx.text.Enable_Disable_Clock_PortG), (8 bytes).
    Removing clock.o(.ARM.exidx.text.Clock_AFIO), (8 bytes).
    Removing clock.o(.ARM.exidx.text.Clock_SPI1), (8 bytes).
    Removing clock.o(.text.I2C1_EnableClock), (56 bytes).
    Removing clock.o(.ARM.exidx.text.I2C1_EnableClock), (8 bytes).
    Removing clock.o(.text.I2C2_EnableClock), (56 bytes).
    Removing clock.o(.ARM.exidx.text.I2C2_EnableClock), (8 bytes).
    Removing clock.o(.text.DMA1_EnableClock), (56 bytes).
    Removing clock.o(.ARM.exidx.text.DMA1_EnableClock), (8 bytes).
    Removing clock.o(.text.DMA2_EnableClock), (56 bytes).
    Removing clock.o(.ARM.exidx.text.DMA2_EnableClock), (8 bytes).
    Removing clock.o(.text.ADC_EnableClock), (306 bytes).
    Removing clock.o(.ARM.exidx.text.ADC_EnableClock), (8 bytes).
    Removing gpio.o(.text), (0 bytes).
    Removing gpio.o(.ARM.exidx.text.SetPinInput), (8 bytes).
    Removing gpio.o(.ARM.exidx.text.SetINPUT), (8 bytes).
    Removing gpio.o(.ARM.exidx.text.SetPullUpDown), (8 bytes).
    Removing gpio.o(.ARM.exidx.text.SetPinOutput), (8 bytes).
    Removing gpio.o(.ARM.exidx.text.SetOUTPUT), (8 bytes).
    Removing gpio.o(.text.WritePin), (532 bytes).
    Removing gpio.o(.ARM.exidx.text.WritePin), (8 bytes).
    Removing gpio.o(.text.ReadPin), (252 bytes).
    Removing gpio.o(.ARM.exidx.text.ReadPin), (8 bytes).
    Removing gpio.o(.text.TogglePin), (264 bytes).
    Removing gpio.o(.ARM.exidx.text.TogglePin), (8 bytes).
    Removing gpio.o(.text.Init_PA8_MCO), (50 bytes).
    Removing gpio.o(.ARM.exidx.text.Init_PA8_MCO), (8 bytes).
    Removing gpio.o(.text.Blink_LED), (48 bytes).
    Removing gpio.o(.ARM.exidx.text.Blink_LED), (8 bytes).
    Removing gpio.o(.text.Delay), (64 bytes).
    Removing gpio.o(.ARM.exidx.text.Delay), (8 bytes).
    Removing gpio.o(.text.Button_Led), (40 bytes).
    Removing gpio.o(.ARM.exidx.text.Button_Led), (8 bytes).
    Removing softtimer.o(.text), (0 bytes).
    Removing softtimer.o(.ARM.exidx.text.Softtimer_Init), (8 bytes).
    Removing softtimer.o(.text.Softtimer_StartTimer), (100 bytes).
    Removing softtimer.o(.ARM.exidx.text.Softtimer_StartTimer), (8 bytes).
    Removing softtimer.o(.text.Softtimer_StopTimer), (30 bytes).
    Removing softtimer.o(.ARM.exidx.text.Softtimer_StopTimer), (8 bytes).
    Removing softtimer.o(.ARM.exidx.text.Softtimer_MainFunction), (8 bytes).
    Removing softtimer.o(.ARM.exidx.text.SysTick_Handler), (8 bytes).
    Removing led_max7219.o(.text), (0 bytes).
    Removing led_max7219.o(.ARM.exidx.text.MAX7219_Init), (8 bytes).
    Removing led_max7219.o(.ARM.exidx.text.LCD_Print), (8 bytes).
    Removing led_max7219.o(.ARM.exidx.text.LCD_TurnOff), (8 bytes).
    Removing led_max7219.o(.ARM.exidx.text.LCD_TwoNumber), (8 bytes).
    Removing led_max7219.o(.ARM.exidx.text.LCD_TimeDisplay), (8 bytes).
    Removing led_max7219.o(.text.LCD_DayDisplay), (68 bytes).
    Removing led_max7219.o(.ARM.exidx.text.LCD_DayDisplay), (8 bytes).
    Removing string.o(.text), (0 bytes).
    Removing string.o(.ARM.exidx.text.strcmp), (8 bytes).
    Removing string.o(.text.str_len), (48 bytes).
    Removing string.o(.ARM.exidx.text.str_len), (8 bytes).
    Removing string.o(.text.str_cpy), (54 bytes).
    Removing string.o(.ARM.exidx.text.str_cpy), (8 bytes).
    Removing string.o(.text.str_cat), (88 bytes).
    Removing string.o(.ARM.exidx.text.str_cat), (8 bytes).
    Removing string.o(.text.str_lwr), (86 bytes).
    Removing string.o(.ARM.exidx.text.str_lwr), (8 bytes).
    Removing string.o(.text.str_upr), (86 bytes).
    Removing string.o(.ARM.exidx.text.str_upr), (8 bytes).
    Removing string.o(.ARM.exidx.text.BufferClear), (8 bytes).
    Removing system_stm32f10x.o(.text), (0 bytes).
    Removing system_stm32f10x.o(.ARM.exidx.text.SystemInit), (8 bytes).
    Removing system_stm32f10x.o(.ARM.exidx.text.SetSysClock), (8 bytes).
    Removing system_stm32f10x.o(.text.SystemCoreClockUpdate), (290 bytes).
    Removing system_stm32f10x.o(.ARM.exidx.text.SystemCoreClockUpdate), (8 bytes).
    Removing system_stm32f10x.o(.ARM.exidx.text.SetSysClockTo72), (8 bytes).
    Removing system_stm32f10x.o(.data.SystemCoreClock), (4 bytes).
    Removing system_stm32f10x.o(.rodata.AHBPrescTable), (16 bytes).

142 unused section(s) (total 4545 bytes) removed from the image.

==============================================================================

Image Symbol Table

    Local Symbols

    Symbol Name                              Value     Ov Type        Size  Object(Section)

    ../clib/angel/boardlib.s                 0x00000000   Number         0  boardinit1.o ABSOLUTE
    ../clib/angel/boardlib.s                 0x00000000   Number         0  boardinit2.o ABSOLUTE
    ../clib/angel/boardlib.s                 0x00000000   Number         0  boardinit3.o ABSOLUTE
    ../clib/angel/boardlib.s                 0x00000000   Number         0  boardshut.o ABSOLUTE
    ../clib/angel/handlers.s                 0x00000000   Number         0  __scatter_zi.o ABSOLUTE
    ../clib/angel/kernel.s                   0x00000000   Number         0  __rtentry.o ABSOLUTE
    ../clib/angel/kernel.s                   0x00000000   Number         0  __rtentry2.o ABSOLUTE
    ../clib/angel/kernel.s                   0x00000000   Number         0  __rtentry4.o ABSOLUTE
    ../clib/angel/kernel.s                   0x00000000   Number         0  rtexit.o ABSOLUTE
    ../clib/angel/kernel.s                   0x00000000   Number         0  rtexit2.o ABSOLUTE
    ../clib/angel/rt.s                       0x00000000   Number         0  rt_raise.o ABSOLUTE
    ../clib/angel/scatter.s                  0x00000000   Number         0  __scatter.o ABSOLUTE
    ../clib/angel/startup.s                  0x00000000   Number         0  __main.o ABSOLUTE
    ../clib/angel/sys.s                      0x00000000   Number         0  sys_stackheap_outer.o ABSOLUTE
    ../clib/angel/sys.s                      0x00000000   Number         0  libspace.o ABSOLUTE
    ../clib/angel/sys.s                      0x00000000   Number         0  use_no_semi.o ABSOLUTE
    ../clib/angel/sys.s                      0x00000000   Number         0  indicate_semi.o ABSOLUTE
    ../clib/angel/sysapp.c                   0x00000000   Number         0  sys_exit.o ABSOLUTE
    ../clib/angel/sysapp.c                   0x00000000   Number         0  sys_exit_hlt.o ABSOLUTE
    ../clib/angel/sysapp.c                   0x00000000   Number         0  sys_command.o ABSOLUTE
    ../clib/angel/sysapp.c                   0x00000000   Number         0  sys_command_hlt.o ABSOLUTE
    ../clib/angel/sysapp.c                   0x00000000   Number         0  sys_wrch.o ABSOLUTE
    ../clib/angel/sysapp.c                   0x00000000   Number         0  sys_wrch_hlt.o ABSOLUTE
    ../clib/armsys.c                         0x00000000   Number         0  argv_veneer.o ABSOLUTE
    ../clib/armsys.c                         0x00000000   Number         0  argv_veneer.o ABSOLUTE
    ../clib/armsys.c                         0x00000000   Number         0  _get_argv_nomalloc.o ABSOLUTE
    ../clib/armsys.c                         0x00000000   Number         0  no_argv.o ABSOLUTE
    ../clib/heapalloc.c                      0x00000000   Number         0  hrguard.o ABSOLUTE
    ../clib/heapaux.c                        0x00000000   Number         0  heapauxi.o ABSOLUTE
    ../clib/libinit.s                        0x00000000   Number         0  libinit.o ABSOLUTE
    ../clib/libinit.s                        0x00000000   Number         0  libinit2.o ABSOLUTE
    ../clib/libinit.s                        0x00000000   Number         0  libshutdown.o ABSOLUTE
    ../clib/libinit.s                        0x00000000   Number         0  libshutdown2.o ABSOLUTE
    ../clib/signal.c                         0x00000000   Number         0  defsig_rtmem_outer.o ABSOLUTE
    ../clib/signal.c                         0x00000000   Number         0  defsig_rtmem_formal.o ABSOLUTE
    ../clib/signal.c                         0x00000000   Number         0  defsig_exit.o ABSOLUTE
    ../clib/signal.c                         0x00000000   Number         0  defsig_rtmem_inner.o ABSOLUTE
    ../clib/signal.c                         0x00000000   Number         0  __raise.o ABSOLUTE
    ../clib/signal.c                         0x00000000   Number         0  defsig_general.o ABSOLUTE
    ../clib/signal.c                         0x00000000   Number         0  defsig_abrt_inner.o ABSOLUTE
    ../clib/signal.c                         0x00000000   Number         0  defsig_fpe_inner.o ABSOLUTE
    ../clib/signal.c                         0x00000000   Number         0  defsig_rtred_inner.o ABSOLUTE
    ../clib/signal.c                         0x00000000   Number         0  defsig_stak_inner.o ABSOLUTE
    ../clib/signal.c                         0x00000000   Number         0  defsig_pvfn_inner.o ABSOLUTE
    ../clib/signal.c                         0x00000000   Number         0  defsig_cppl_inner.o ABSOLUTE
    ../clib/signal.c                         0x00000000   Number         0  defsig_segv_inner.o ABSOLUTE
    ../clib/signal.c                         0x00000000   Number         0  defsig_other.o ABSOLUTE
    ../clib/signal.s                         0x00000000   Number         0  defsig.o ABSOLUTE
    ../clib/stdlib.c                         0x00000000   Number         0  exit.o ABSOLUTE
    ../fplib/fpinit.s                        0x00000000   Number         0  fpinit.o ABSOLUTE
    ../fplib/fpinit_empty.s                  0x00000000   Number         0  fpinit_empty.o ABSOLUTE
    APP_FUNCTION.c                           0x00000000   Number         0  app_function.o ABSOLUTE
    CLOCK.c                                  0x00000000   Number         0  clock.o ABSOLUTE
    GPIO.c                                   0x00000000   Number         0  gpio.o ABSOLUTE
    LED_MAX7219.c                            0x00000000   Number         0  led_max7219.o ABSOLUTE
    NVIC.c                                   0x00000000   Number         0  nvic.o ABSOLUTE
    RTE/Device/STM32F103C8/startup_stm32f10x_md.s 0x00000000   Number         0  startup_stm32f10x_md.o ABSOLUTE
    SPI.c                                    0x00000000   Number         0  spi.o ABSOLUTE
    Softtimer.c                              0x00000000   Number         0  softtimer.o ABSOLUTE
    String.c                                 0x00000000   Number         0  string.o ABSOLUTE
    TIMER.c                                  0x00000000   Number         0  timer.o ABSOLUTE
    UART.c                                   0x00000000   Number         0  uart.o ABSOLUTE
    dc.s                                     0x00000000   Number         0  dc.o ABSOLUTE
    main.c                                   0x00000000   Number         0  main.o ABSOLUTE
    system_stm32f10x.c                       0x00000000   Number         0  system_stm32f10x.o ABSOLUTE
    RESET                                    0x08000000   Section      236  startup_stm32f10x_md.o(RESET)
    !!!main                                  0x080000ec   Section        8  __main.o(!!!main)
    !!!scatter                               0x080000f4   Section       52  __scatter.o(!!!scatter)
    !!handler_zi                             0x08000128   Section       28  __scatter_zi.o(!!handler_zi)
    .ARM.Collect$$libinit$$00000000          0x08000144   Section        2  libinit.o(.ARM.Collect$$libinit$$00000000)
    .ARM.Collect$$libinit$$00000002          0x08000146   Section        0  libinit2.o(.ARM.Collect$$libinit$$00000002)
    .ARM.Collect$$libinit$$00000004          0x08000146   Section        0  libinit2.o(.ARM.Collect$$libinit$$00000004)
    .ARM.Collect$$libinit$$00000006          0x08000146   Section        0  libinit2.o(.ARM.Collect$$libinit$$00000006)
    .ARM.Collect$$libinit$$0000000C          0x08000146   Section        0  libinit2.o(.ARM.Collect$$libinit$$0000000C)
    .ARM.Collect$$libinit$$0000000E          0x08000146   Section        0  libinit2.o(.ARM.Collect$$libinit$$0000000E)
    .ARM.Collect$$libinit$$00000010          0x08000146   Section        0  libinit2.o(.ARM.Collect$$libinit$$00000010)
    .ARM.Collect$$libinit$$00000013          0x08000146   Section        0  libinit2.o(.ARM.Collect$$libinit$$00000013)
    .ARM.Collect$$libinit$$00000015          0x08000146   Section        0  libinit2.o(.ARM.Collect$$libinit$$00000015)
    .ARM.Collect$$libinit$$00000017          0x08000146   Section        0  libinit2.o(.ARM.Collect$$libinit$$00000017)
    .ARM.Collect$$libinit$$00000019          0x08000146   Section        0  libinit2.o(.ARM.Collect$$libinit$$00000019)
    .ARM.Collect$$libinit$$0000001B          0x08000146   Section        0  libinit2.o(.ARM.Collect$$libinit$$0000001B)
    .ARM.Collect$$libinit$$0000001D          0x08000146   Section        0  libinit2.o(.ARM.Collect$$libinit$$0000001D)
    .ARM.Collect$$libinit$$0000001F          0x08000146   Section        0  libinit2.o(.ARM.Collect$$libinit$$0000001F)
    .ARM.Collect$$libinit$$00000021          0x08000146   Section        0  libinit2.o(.ARM.Collect$$libinit$$00000021)
    .ARM.Collect$$libinit$$00000023          0x08000146   Section        0  libinit2.o(.ARM.Collect$$libinit$$00000023)
    .ARM.Collect$$libinit$$00000025          0x08000146   Section        0  libinit2.o(.ARM.Collect$$libinit$$00000025)
    .ARM.Collect$$libinit$$00000027          0x08000146   Section        0  libinit2.o(.ARM.Collect$$libinit$$00000027)
    .ARM.Collect$$libinit$$0000002E          0x08000146   Section        0  libinit2.o(.ARM.Collect$$libinit$$0000002E)
    .ARM.Collect$$libinit$$00000030          0x08000146   Section        0  libinit2.o(.ARM.Collect$$libinit$$00000030)
    .ARM.Collect$$libinit$$00000032          0x08000146   Section        0  libinit2.o(.ARM.Collect$$libinit$$00000032)
    .ARM.Collect$$libinit$$00000034          0x08000146   Section        0  libinit2.o(.ARM.Collect$$libinit$$00000034)
    .ARM.Collect$$libinit$$00000035          0x08000146   Section        2  libinit2.o(.ARM.Collect$$libinit$$00000035)
    .ARM.Collect$$libshutdown$$00000000      0x08000148   Section        2  libshutdown.o(.ARM.Collect$$libshutdown$$00000000)
    .ARM.Collect$$libshutdown$$00000002      0x0800014a   Section        0  libshutdown2.o(.ARM.Collect$$libshutdown$$00000002)
    .ARM.Collect$$libshutdown$$00000004      0x0800014a   Section        0  libshutdown2.o(.ARM.Collect$$libshutdown$$00000004)
    .ARM.Collect$$libshutdown$$00000007      0x0800014a   Section        0  libshutdown2.o(.ARM.Collect$$libshutdown$$00000007)
    .ARM.Collect$$libshutdown$$0000000A      0x0800014a   Section        0  libshutdown2.o(.ARM.Collect$$libshutdown$$0000000A)
    .ARM.Collect$$libshutdown$$0000000C      0x0800014a   Section        0  libshutdown2.o(.ARM.Collect$$libshutdown$$0000000C)
    .ARM.Collect$$libshutdown$$0000000F      0x0800014a   Section        0  libshutdown2.o(.ARM.Collect$$libshutdown$$0000000F)
    .ARM.Collect$$libshutdown$$00000010      0x0800014a   Section        2  libshutdown2.o(.ARM.Collect$$libshutdown$$00000010)
    .ARM.Collect$$rtentry$$00000000          0x0800014c   Section        0  __rtentry.o(.ARM.Collect$$rtentry$$00000000)
    .ARM.Collect$$rtentry$$00000002          0x0800014c   Section        0  __rtentry2.o(.ARM.Collect$$rtentry$$00000002)
    .ARM.Collect$$rtentry$$00000004          0x0800014c   Section        6  __rtentry4.o(.ARM.Collect$$rtentry$$00000004)
    .ARM.Collect$$rtentry$$00000009          0x08000152   Section        0  __rtentry2.o(.ARM.Collect$$rtentry$$00000009)
    .ARM.Collect$$rtentry$$0000000A          0x08000152   Section        4  __rtentry2.o(.ARM.Collect$$rtentry$$0000000A)
    .ARM.Collect$$rtentry$$0000000C          0x08000156   Section        0  __rtentry2.o(.ARM.Collect$$rtentry$$0000000C)
    .ARM.Collect$$rtentry$$0000000D          0x08000156   Section        8  __rtentry2.o(.ARM.Collect$$rtentry$$0000000D)
    .ARM.Collect$$rtexit$$00000000           0x0800015e   Section        2  rtexit.o(.ARM.Collect$$rtexit$$00000000)
    .ARM.Collect$$rtexit$$00000002           0x08000160   Section        0  rtexit2.o(.ARM.Collect$$rtexit$$00000002)
    .ARM.Collect$$rtexit$$00000003           0x08000160   Section        4  rtexit2.o(.ARM.Collect$$rtexit$$00000003)
    .ARM.Collect$$rtexit$$00000004           0x08000164   Section        6  rtexit2.o(.ARM.Collect$$rtexit$$00000004)
    .text                                    0x0800016c   Section       64  startup_stm32f10x_md.o(.text)
    .text                                    0x080001ac   Section        0  heapauxi.o(.text)
    .text                                    0x080001b2   Section       74  sys_stackheap_outer.o(.text)
    .text                                    0x080001fc   Section        0  exit.o(.text)
    .text                                    0x08000210   Section        8  libspace.o(.text)
    .text                                    0x08000218   Section        0  sys_exit.o(.text)
    .text                                    0x08000224   Section        2  use_no_semi.o(.text)
    .text                                    0x08000226   Section        0  indicate_semi.o(.text)
    ACTION                                   0x08000229   Thumb Code    38  app_function.o(.text.ACTION)
    [Anonymous Symbol]                       0x08000228   Section        0  app_function.o(.text.ACTION)
    APP_Init                                 0x08000251   Thumb Code    28  app_function.o(.text.APP_Init)
    [Anonymous Symbol]                       0x08000250   Section        0  app_function.o(.text.APP_Init)
    [Anonymous Symbol]                       0x0800026c   Section        0  string.o(.text.BufferClear)
    Check_Data_UART                          0x080002a1   Thumb Code   342  app_function.o(.text.Check_Data_UART)
    [Anonymous Symbol]                       0x080002a0   Section        0  app_function.o(.text.Check_Data_UART)
    [Anonymous Symbol]                       0x080003f8   Section        0  clock.o(.text.Clock_AFIO)
    [Anonymous Symbol]                       0x08000430   Section        0  clock.o(.text.Clock_SPI1)
    Decode_Data                              0x08000469   Thumb Code   330  app_function.o(.text.Decode_Data)
    [Anonymous Symbol]                       0x08000468   Section        0  app_function.o(.text.Decode_Data)
    [Anonymous Symbol]                       0x080005b4   Section        0  timer.o(.text.Delay_TIM2_ms)
    [Anonymous Symbol]                       0x080005e8   Section        0  clock.o(.text.Enable_Disable_Clock_PortA)
    [Anonymous Symbol]                       0x08000620   Section        0  clock.o(.text.InitClockHSE)
    [Anonymous Symbol]                       0x0800071c   Section        0  led_max7219.o(.text.LCD_Print)
    [Anonymous Symbol]                       0x0800074c   Section        0  led_max7219.o(.text.LCD_TimeDisplay)
    [Anonymous Symbol]                       0x08000790   Section        0  led_max7219.o(.text.LCD_TurnOff)
    [Anonymous Symbol]                       0x080007b8   Section        0  led_max7219.o(.text.LCD_TwoNumber)
    Link_Number                              0x0800081d   Thumb Code    32  app_function.o(.text.Link_Number)
    [Anonymous Symbol]                       0x0800081c   Section        0  app_function.o(.text.Link_Number)
    [Anonymous Symbol]                       0x0800083c   Section        0  app_function.o(.text.MAIN_APP)
    [Anonymous Symbol]                       0x08000898   Section        0  led_max7219.o(.text.MAX7219_Init)
    [Anonymous Symbol]                       0x080008e4   Section        0  nvic.o(.text.NVIC_ClearPendingFlag)
    [Anonymous Symbol]                       0x08000918   Section        0  nvic.o(.text.NVIC_EnableInterrupt)
    [Anonymous Symbol]                       0x0800094c   Section        0  nvic.o(.text.NVIC_SetPriority)
    [Anonymous Symbol]                       0x08000984   Section        0  spi.o(.text.SPI1_DisableSlave)
    [Anonymous Symbol]                       0x08000998   Section        0  spi.o(.text.SPI1_Enable)
    [Anonymous Symbol]                       0x080009ac   Section        0  spi.o(.text.SPI1_EnableSlave)
    [Anonymous Symbol]                       0x080009c0   Section        0  spi.o(.text.SPI1_IRQHandler)
    [Anonymous Symbol]                       0x080009d8   Section        0  spi.o(.text.SPI1_Init)
    [Anonymous Symbol]                       0x08000aac   Section        0  spi.o(.text.SPI1_Send16bit)
    SetINPUT                                 0x08000b25   Thumb Code   118  gpio.o(.text.SetINPUT)
    [Anonymous Symbol]                       0x08000b24   Section        0  gpio.o(.text.SetINPUT)
    SetOUTPUT                                0x08000b9d   Thumb Code   150  gpio.o(.text.SetOUTPUT)
    [Anonymous Symbol]                       0x08000b9c   Section        0  gpio.o(.text.SetOUTPUT)
    [Anonymous Symbol]                       0x08000c34   Section        0  gpio.o(.text.SetPinInput)
    [Anonymous Symbol]                       0x08000f98   Section        0  gpio.o(.text.SetPinOutput)
    SetPullUpDown                            0x080011e1   Thumb Code    66  gpio.o(.text.SetPullUpDown)
    [Anonymous Symbol]                       0x080011e0   Section        0  gpio.o(.text.SetPullUpDown)
    SetSysClock                              0x08001225   Thumb Code     8  system_stm32f10x.o(.text.SetSysClock)
    [Anonymous Symbol]                       0x08001224   Section        0  system_stm32f10x.o(.text.SetSysClock)
    SetSysClockTo72                          0x0800122d   Thumb Code   290  system_stm32f10x.o(.text.SetSysClockTo72)
    [Anonymous Symbol]                       0x0800122c   Section        0  system_stm32f10x.o(.text.SetSysClockTo72)
    Setup_GPIO_PA9TX_PA10RX                  0x08001351   Thumb Code    56  uart.o(.text.Setup_GPIO_PA9TX_PA10RX)
    [Anonymous Symbol]                       0x08001350   Section        0  uart.o(.text.Setup_GPIO_PA9TX_PA10RX)
    [Anonymous Symbol]                       0x08001388   Section        0  softtimer.o(.text.Softtimer_Init)
    [Anonymous Symbol]                       0x080013c4   Section        0  softtimer.o(.text.Softtimer_MainFunction)
    [Anonymous Symbol]                       0x08001490   Section        0  softtimer.o(.text.SysTick_Handler)
    [Anonymous Symbol]                       0x080014a0   Section        0  system_stm32f10x.o(.text.SystemInit)
    [Anonymous Symbol]                       0x08001508   Section        0  timer.o(.text.TIM2_IRQHandler)
    [Anonymous Symbol]                       0x08001534   Section        0  timer.o(.text.TIM2_Init)
    [Anonymous Symbol]                       0x080015c0   Section        0  uart.o(.text.USART1_IRQHandler)
    [Anonymous Symbol]                       0x080015c8   Section        0  uart.o(.text.USART1_Init)
    USART1_Init_CLK                          0x08001651   Thumb Code    18  uart.o(.text.USART1_Init_CLK)
    [Anonymous Symbol]                       0x08001650   Section        0  uart.o(.text.USART1_Init_CLK)
    [Anonymous Symbol]                       0x08001664   Section        0  uart.o(.text.Uart_GetReceiveData)
    [Anonymous Symbol]                       0x08001728   Section        0  uart.o(.text.Uart_RxMainFunction)
    [Anonymous Symbol]                       0x0800177c   Section        0  uart.o(.text.Uart_TxMainFunction)
    [Anonymous Symbol]                       0x08001800   Section        0  main.o(.text.main)
    [Anonymous Symbol]                       0x0800180c   Section        0  string.o(.text.strcmp)
    .L.str                                   0x0800185a   Data           8  app_function.o(.rodata.str1.1)
    [Anonymous Symbol]                       0x0800185a   Section        0  app_function.o(.rodata.str1.1)
    .bss                                     0x20000000   Section       96  libspace.o(.bss)
    Action_Buffer                            0x20000060   Data          20  app_function.o(.bss.Action_Buffer)
    [Anonymous Symbol]                       0x20000060   Section        0  app_function.o(.bss.Action_Buffer)
    Action_Mode                              0x20000074   Data           1  app_function.o(.bss.Action_Mode)
    [Anonymous Symbol]                       0x20000074   Section        0  app_function.o(.bss.Action_Mode)
    Count                                    0x20000078   Data           4  timer.o(.bss.Count)
    [Anonymous Symbol]                       0x20000078   Section        0  timer.o(.bss.Count)
    Data_Read                                0x2000007c   Data          20  app_function.o(.bss.Data_Read)
    [Anonymous Symbol]                       0x2000007c   Section        0  app_function.o(.bss.Data_Read)
    Index_Read                               0x20000090   Data           1  uart.o(.bss.Index_Read)
    [Anonymous Symbol]                       0x20000090   Section        0  uart.o(.bss.Index_Read)
    Index_Write                              0x20000091   Data           1  uart.o(.bss.Index_Write)
    [Anonymous Symbol]                       0x20000091   Section        0  uart.o(.bss.Index_Write)
    LengthBufferRead                         0x20000094   Data           4  uart.o(.bss.LengthBufferRead)
    [Anonymous Symbol]                       0x20000094   Section        0  uart.o(.bss.LengthBufferRead)
    LengthBufferSend                         0x20000098   Data           4  uart.o(.bss.LengthBufferSend)
    [Anonymous Symbol]                       0x20000098   Section        0  uart.o(.bss.LengthBufferSend)
    Length_Data_Read                         0x2000009c   Data           4  app_function.o(.bss.Length_Data_Read)
    [Anonymous Symbol]                       0x2000009c   Section        0  app_function.o(.bss.Length_Data_Read)
    Receive_State                            0x200000a0   Data           1  uart.o(.bss.Receive_State)
    [Anonymous Symbol]                       0x200000a0   Section        0  uart.o(.bss.Receive_State)
    SPI_ReadData                             0x200000a1   Data           1  spi.o(.bss.SPI_ReadData)
    [Anonymous Symbol]                       0x200000a1   Section        0  spi.o(.bss.SPI_ReadData)
    SetTimer                                 0x200000a2   Data           6  app_function.o(.bss.SetTimer)
    [Anonymous Symbol]                       0x200000a2   Section        0  app_function.o(.bss.SetTimer)
    Software_Buffer_Read                     0x200000a8   Data          20  uart.o(.bss.Software_Buffer_Read)
    [Anonymous Symbol]                       0x200000a8   Section        0  uart.o(.bss.Software_Buffer_Read)
    Software_Buffer_Send                     0x200000bc   Data          20  uart.o(.bss.Software_Buffer_Send)
    [Anonymous Symbol]                       0x200000bc   Section        0  uart.o(.bss.Software_Buffer_Send)
    Step_Action                              0x200000d0   Data           1  app_function.o(.bss.Step_Action)
    [Anonymous Symbol]                       0x200000d0   Section        0  app_function.o(.bss.Step_Action)
    TIMER                                    0x200000d4   Data          60  softtimer.o(.bss.TIMER)
    [Anonymous Symbol]                       0x200000d4   Section        0  softtimer.o(.bss.TIMER)
    Time_Mode                                0x20000118   Data           1  app_function.o(.bss.Time_Mode)
    [Anonymous Symbol]                       0x20000118   Section        0  app_function.o(.bss.Time_Mode)
    Transmit_State                           0x20000119   Data           1  uart.o(.bss.Transmit_State)
    [Anonymous Symbol]                       0x20000119   Section        0  uart.o(.bss.Transmit_State)
    Uart_GetReceiveData.LengthCount          0x2000011c   Data           4  uart.o(.bss.Uart_GetReceiveData.LengthCount)
    [Anonymous Symbol]                       0x2000011c   Section        0  uart.o(.bss.Uart_GetReceiveData.LengthCount)
    Uart_TxMainFunction.idex                 0x20000120   Data           4  uart.o(.bss.Uart_TxMainFunction.idex)
    [Anonymous Symbol]                       0x20000120   Section        0  uart.o(.bss.Uart_TxMainFunction.idex)
    Watch                                    0x20000124   Data           6  app_function.o(.bss.Watch)
    [Anonymous Symbol]                       0x20000124   Section        0  app_function.o(.bss.Watch)
    Heap_Mem                                 0x20000130   Data         512  startup_stm32f10x_md.o(HEAP)
    HEAP                                     0x20000130   Section      512  startup_stm32f10x_md.o(HEAP)
    Stack_Mem                                0x20000330   Data        1024  startup_stm32f10x_md.o(STACK)
    STACK                                    0x20000330   Section     1024  startup_stm32f10x_md.o(STACK)
    __initial_sp                             0x20000730   Data           0  startup_stm32f10x_md.o(STACK)

    Global Symbols

    Symbol Name                              Value     Ov Type        Size  Object(Section)

    BuildAttributes$$THM_ISAv4$P$D$K$B$S$PE$A:L22UL41UL21$X:L11$S22US41US21$IEEE1$IW$~IW$USESV6$~STKCKD$USESV7$~SHL$OSPACE$ROPI$EBA8$UX$STANDARDLIB$REQ8$PRES8$EABIv2 0x00000000   Number         0  anon$$obj.o ABSOLUTE
    __fp_init_empty                          0x00000000   Number         0  fpinit_empty.o ABSOLUTE
    __ARM_exceptions_init                     - Undefined Weak Reference
    __alloca_initialize                       - Undefined Weak Reference
    __arm_preinit_                            - Undefined Weak Reference
    __arm_relocate_pie_                       - Undefined Weak Reference
    __cpp_initialize__aeabi_                  - Undefined Weak Reference
    __cxa_finalize                            - Undefined Weak Reference
    __rt_locale                               - Undefined Weak Reference
    __sigvec_lookup                           - Undefined Weak Reference
    _atexit_init                              - Undefined Weak Reference
    _call_atexit_fns                          - Undefined Weak Reference
    _clock_init                               - Undefined Weak Reference
    _fp_trap_init                             - Undefined Weak Reference
    _fp_trap_shutdown                         - Undefined Weak Reference
    _get_lc_collate                           - Undefined Weak Reference
    _get_lc_ctype                             - Undefined Weak Reference
    _get_lc_monetary                          - Undefined Weak Reference
    _get_lc_numeric                           - Undefined Weak Reference
    _get_lc_time                              - Undefined Weak Reference
    _getenv_init                              - Undefined Weak Reference
    _handle_redirection                       - Undefined Weak Reference
    _init_alloc                               - Undefined Weak Reference
    _init_user_alloc                          - Undefined Weak Reference
    _initio                                   - Undefined Weak Reference
    _rand_init                                - Undefined Weak Reference
    _signal_finish                            - Undefined Weak Reference
    _signal_init                              - Undefined Weak Reference
    _terminate_alloc                          - Undefined Weak Reference
    _terminate_user_alloc                     - Undefined Weak Reference
    _terminateio                              - Undefined Weak Reference
    __Vectors_Size                           0x000000ec   Number         0  startup_stm32f10x_md.o ABSOLUTE
    __Vectors                                0x08000000   Data           4  startup_stm32f10x_md.o(RESET)
    __Vectors_End                            0x080000ec   Data           0  startup_stm32f10x_md.o(RESET)
    __main                                   0x080000ed   Thumb Code     8  __main.o(!!!main)
    __scatterload                            0x080000f5   Thumb Code     0  __scatter.o(!!!scatter)
    __scatterload_rt2                        0x080000f5   Thumb Code    44  __scatter.o(!!!scatter)
    __scatterload_rt2_thumb_only             0x080000f5   Thumb Code     0  __scatter.o(!!!scatter)
    __scatterload_null                       0x08000103   Thumb Code     0  __scatter.o(!!!scatter)
    __scatterload_zeroinit                   0x08000129   Thumb Code    28  __scatter_zi.o(!!handler_zi)
    __rt_lib_init                            0x08000145   Thumb Code     0  libinit.o(.ARM.Collect$$libinit$$00000000)
    __rt_lib_init_alloca_1                   0x08000147   Thumb Code     0  libinit2.o(.ARM.Collect$$libinit$$00000030)
    __rt_lib_init_argv_1                     0x08000147   Thumb Code     0  libinit2.o(.ARM.Collect$$libinit$$0000002E)
    __rt_lib_init_atexit_1                   0x08000147   Thumb Code     0  libinit2.o(.ARM.Collect$$libinit$$0000001D)
    __rt_lib_init_clock_1                    0x08000147   Thumb Code     0  libinit2.o(.ARM.Collect$$libinit$$00000023)
    __rt_lib_init_cpp_1                      0x08000147   Thumb Code     0  libinit2.o(.ARM.Collect$$libinit$$00000034)
    __rt_lib_init_exceptions_1               0x08000147   Thumb Code     0  libinit2.o(.ARM.Collect$$libinit$$00000032)
    __rt_lib_init_fp_1                       0x08000147   Thumb Code     0  libinit2.o(.ARM.Collect$$libinit$$00000002)
    __rt_lib_init_fp_trap_1                  0x08000147   Thumb Code     0  libinit2.o(.ARM.Collect$$libinit$$00000021)
    __rt_lib_init_getenv_1                   0x08000147   Thumb Code     0  libinit2.o(.ARM.Collect$$libinit$$00000025)
    __rt_lib_init_heap_1                     0x08000147   Thumb Code     0  libinit2.o(.ARM.Collect$$libinit$$0000000C)
    __rt_lib_init_lc_collate_1               0x08000147   Thumb Code     0  libinit2.o(.ARM.Collect$$libinit$$00000013)
    __rt_lib_init_lc_ctype_1                 0x08000147   Thumb Code     0  libinit2.o(.ARM.Collect$$libinit$$00000015)
    __rt_lib_init_lc_monetary_1              0x08000147   Thumb Code     0  libinit2.o(.ARM.Collect$$libinit$$00000017)
    __rt_lib_init_lc_numeric_1               0x08000147   Thumb Code     0  libinit2.o(.ARM.Collect$$libinit$$00000019)
    __rt_lib_init_lc_time_1                  0x08000147   Thumb Code     0  libinit2.o(.ARM.Collect$$libinit$$0000001B)
    __rt_lib_init_preinit_1                  0x08000147   Thumb Code     0  libinit2.o(.ARM.Collect$$libinit$$00000006)
    __rt_lib_init_rand_1                     0x08000147   Thumb Code     0  libinit2.o(.ARM.Collect$$libinit$$00000010)
    __rt_lib_init_relocate_pie_1             0x08000147   Thumb Code     0  libinit2.o(.ARM.Collect$$libinit$$00000004)
    __rt_lib_init_return                     0x08000147   Thumb Code     0  libinit2.o(.ARM.Collect$$libinit$$00000035)
    __rt_lib_init_signal_1                   0x08000147   Thumb Code     0  libinit2.o(.ARM.Collect$$libinit$$0000001F)
    __rt_lib_init_stdio_1                    0x08000147   Thumb Code     0  libinit2.o(.ARM.Collect$$libinit$$00000027)
    __rt_lib_init_user_alloc_1               0x08000147   Thumb Code     0  libinit2.o(.ARM.Collect$$libinit$$0000000E)
    __rt_lib_shutdown                        0x08000149   Thumb Code     0  libshutdown.o(.ARM.Collect$$libshutdown$$00000000)
    __rt_lib_shutdown_cpp_1                  0x0800014b   Thumb Code     0  libshutdown2.o(.ARM.Collect$$libshutdown$$00000002)
    __rt_lib_shutdown_fp_trap_1              0x0800014b   Thumb Code     0  libshutdown2.o(.ARM.Collect$$libshutdown$$00000007)
    __rt_lib_shutdown_heap_1                 0x0800014b   Thumb Code     0  libshutdown2.o(.ARM.Collect$$libshutdown$$0000000F)
    __rt_lib_shutdown_return                 0x0800014b   Thumb Code     0  libshutdown2.o(.ARM.Collect$$libshutdown$$00000010)
    __rt_lib_shutdown_signal_1               0x0800014b   Thumb Code     0  libshutdown2.o(.ARM.Collect$$libshutdown$$0000000A)
    __rt_lib_shutdown_stdio_1                0x0800014b   Thumb Code     0  libshutdown2.o(.ARM.Collect$$libshutdown$$00000004)
    __rt_lib_shutdown_user_alloc_1           0x0800014b   Thumb Code     0  libshutdown2.o(.ARM.Collect$$libshutdown$$0000000C)
    __rt_entry                               0x0800014d   Thumb Code     0  __rtentry.o(.ARM.Collect$$rtentry$$00000000)
    __rt_entry_presh_1                       0x0800014d   Thumb Code     0  __rtentry2.o(.ARM.Collect$$rtentry$$00000002)
    __rt_entry_sh                            0x0800014d   Thumb Code     0  __rtentry4.o(.ARM.Collect$$rtentry$$00000004)
    __rt_entry_li                            0x08000153   Thumb Code     0  __rtentry2.o(.ARM.Collect$$rtentry$$0000000A)
    __rt_entry_postsh_1                      0x08000153   Thumb Code     0  __rtentry2.o(.ARM.Collect$$rtentry$$00000009)
    __rt_entry_main                          0x08000157   Thumb Code     0  __rtentry2.o(.ARM.Collect$$rtentry$$0000000D)
    __rt_entry_postli_1                      0x08000157   Thumb Code     0  __rtentry2.o(.ARM.Collect$$rtentry$$0000000C)
    __rt_exit                                0x0800015f   Thumb Code     0  rtexit.o(.ARM.Collect$$rtexit$$00000000)
    __rt_exit_ls                             0x08000161   Thumb Code     0  rtexit2.o(.ARM.Collect$$rtexit$$00000003)
    __rt_exit_prels_1                        0x08000161   Thumb Code     0  rtexit2.o(.ARM.Collect$$rtexit$$00000002)
    __rt_exit_exit                           0x08000165   Thumb Code     0  rtexit2.o(.ARM.Collect$$rtexit$$00000004)
    Reset_Handler                            0x0800016d   Thumb Code     8  startup_stm32f10x_md.o(.text)
    NMI_Handler                              0x08000175   Thumb Code     2  startup_stm32f10x_md.o(.text)
    HardFault_Handler                        0x08000177   Thumb Code     2  startup_stm32f10x_md.o(.text)
    MemManage_Handler                        0x08000179   Thumb Code     2  startup_stm32f10x_md.o(.text)
    BusFault_Handler                         0x0800017b   Thumb Code     2  startup_stm32f10x_md.o(.text)
    UsageFault_Handler                       0x0800017d   Thumb Code     2  startup_stm32f10x_md.o(.text)
    SVC_Handler                              0x0800017f   Thumb Code     2  startup_stm32f10x_md.o(.text)
    DebugMon_Handler                         0x08000181   Thumb Code     2  startup_stm32f10x_md.o(.text)
    PendSV_Handler                           0x08000183   Thumb Code     2  startup_stm32f10x_md.o(.text)
    ADC1_2_IRQHandler                        0x08000187   Thumb Code     0  startup_stm32f10x_md.o(.text)
    CAN1_RX1_IRQHandler                      0x08000187   Thumb Code     0  startup_stm32f10x_md.o(.text)
    CAN1_SCE_IRQHandler                      0x08000187   Thumb Code     0  startup_stm32f10x_md.o(.text)
    DMA1_Channel1_IRQHandler                 0x08000187   Thumb Code     0  startup_stm32f10x_md.o(.text)
    DMA1_Channel2_IRQHandler                 0x08000187   Thumb Code     0  startup_stm32f10x_md.o(.text)
    DMA1_Channel3_IRQHandler                 0x08000187   Thumb Code     0  startup_stm32f10x_md.o(.text)
    DMA1_Channel4_IRQHandler                 0x08000187   Thumb Code     0  startup_stm32f10x_md.o(.text)
    DMA1_Channel5_IRQHandler                 0x08000187   Thumb Code     0  startup_stm32f10x_md.o(.text)
    DMA1_Channel6_IRQHandler                 0x08000187   Thumb Code     0  startup_stm32f10x_md.o(.text)
    DMA1_Channel7_IRQHandler                 0x08000187   Thumb Code     0  startup_stm32f10x_md.o(.text)
    EXTI0_IRQHandler                         0x08000187   Thumb Code     0  startup_stm32f10x_md.o(.text)
    EXTI15_10_IRQHandler                     0x08000187   Thumb Code     0  startup_stm32f10x_md.o(.text)
    EXTI1_IRQHandler                         0x08000187   Thumb Code     0  startup_stm32f10x_md.o(.text)
    EXTI2_IRQHandler                         0x08000187   Thumb Code     0  startup_stm32f10x_md.o(.text)
    EXTI3_IRQHandler                         0x08000187   Thumb Code     0  startup_stm32f10x_md.o(.text)
    EXTI4_IRQHandler                         0x08000187   Thumb Code     0  startup_stm32f10x_md.o(.text)
    EXTI9_5_IRQHandler                       0x08000187   Thumb Code     0  startup_stm32f10x_md.o(.text)
    FLASH_IRQHandler                         0x08000187   Thumb Code     0  startup_stm32f10x_md.o(.text)
    I2C1_ER_IRQHandler                       0x08000187   Thumb Code     0  startup_stm32f10x_md.o(.text)
    I2C1_EV_IRQHandler                       0x08000187   Thumb Code     0  startup_stm32f10x_md.o(.text)
    I2C2_ER_IRQHandler                       0x08000187   Thumb Code     0  startup_stm32f10x_md.o(.text)
    I2C2_EV_IRQHandler                       0x08000187   Thumb Code     0  startup_stm32f10x_md.o(.text)
    PVD_IRQHandler                           0x08000187   Thumb Code     0  startup_stm32f10x_md.o(.text)
    RCC_IRQHandler                           0x08000187   Thumb Code     0  startup_stm32f10x_md.o(.text)
    RTCAlarm_IRQHandler                      0x08000187   Thumb Code     0  startup_stm32f10x_md.o(.text)
    RTC_IRQHandler                           0x08000187   Thumb Code     0  startup_stm32f10x_md.o(.text)
    SPI2_IRQHandler                          0x08000187   Thumb Code     0  startup_stm32f10x_md.o(.text)
    TAMPER_IRQHandler                        0x08000187   Thumb Code     0  startup_stm32f10x_md.o(.text)
    TIM1_BRK_IRQHandler                      0x08000187   Thumb Code     0  startup_stm32f10x_md.o(.text)
    TIM1_CC_IRQHandler                       0x08000187   Thumb Code     0  startup_stm32f10x_md.o(.text)
    TIM1_TRG_COM_IRQHandler                  0x08000187   Thumb Code     0  startup_stm32f10x_md.o(.text)
    TIM1_UP_IRQHandler                       0x08000187   Thumb Code     0  startup_stm32f10x_md.o(.text)
    TIM3_IRQHandler                          0x08000187   Thumb Code     0  startup_stm32f10x_md.o(.text)
    TIM4_IRQHandler                          0x08000187   Thumb Code     0  startup_stm32f10x_md.o(.text)
    USART2_IRQHandler                        0x08000187   Thumb Code     0  startup_stm32f10x_md.o(.text)
    USART3_IRQHandler                        0x08000187   Thumb Code     0  startup_stm32f10x_md.o(.text)
    USBWakeUp_IRQHandler                     0x08000187   Thumb Code     0  startup_stm32f10x_md.o(.text)
    USB_HP_CAN1_TX_IRQHandler                0x08000187   Thumb Code     0  startup_stm32f10x_md.o(.text)
    USB_LP_CAN1_RX0_IRQHandler               0x08000187   Thumb Code     0  startup_stm32f10x_md.o(.text)
    WWDG_IRQHandler                          0x08000187   Thumb Code     0  startup_stm32f10x_md.o(.text)
    __user_initial_stackheap                 0x08000189   Thumb Code     0  startup_stm32f10x_md.o(.text)
    __use_two_region_memory                  0x080001ad   Thumb Code     2  heapauxi.o(.text)
    __rt_heap_escrow$2region                 0x080001af   Thumb Code     2  heapauxi.o(.text)
    __rt_heap_expand$2region                 0x080001b1   Thumb Code     2  heapauxi.o(.text)
    __user_setup_stackheap                   0x080001b3   Thumb Code    74  sys_stackheap_outer.o(.text)
    exit                                     0x080001fd   Thumb Code    18  exit.o(.text)
    __user_libspace                          0x08000211   Thumb Code     8  libspace.o(.text)
    __user_perproc_libspace                  0x08000211   Thumb Code     0  libspace.o(.text)
    __user_perthread_libspace                0x08000211   Thumb Code     0  libspace.o(.text)
    _sys_exit                                0x08000219   Thumb Code     8  sys_exit.o(.text)
    __I$use$semihosting                      0x08000225   Thumb Code     0  use_no_semi.o(.text)
    __use_no_semihosting_swi                 0x08000225   Thumb Code     2  use_no_semi.o(.text)
    __semihosting_library_function           0x08000227   Thumb Code     0  indicate_semi.o(.text)
    BufferClear                              0x0800026d   Thumb Code    50  string.o(.text.BufferClear)
    Clock_AFIO                               0x080003f9   Thumb Code    56  clock.o(.text.Clock_AFIO)
    Clock_SPI1                               0x08000431   Thumb Code    56  clock.o(.text.Clock_SPI1)
    Delay_TIM2_ms                            0x080005b5   Thumb Code    52  timer.o(.text.Delay_TIM2_ms)
    Enable_Disable_Clock_PortA               0x080005e9   Thumb Code    56  clock.o(.text.Enable_Disable_Clock_PortA)
    InitClockHSE                             0x08000621   Thumb Code   252  clock.o(.text.InitClockHSE)
    LCD_Print                                0x0800071d   Thumb Code    46  led_max7219.o(.text.LCD_Print)
    LCD_TimeDisplay                          0x0800074d   Thumb Code    68  led_max7219.o(.text.LCD_TimeDisplay)
    LCD_TurnOff                              0x08000791   Thumb Code    40  led_max7219.o(.text.LCD_TurnOff)
    LCD_TwoNumber                            0x080007b9   Thumb Code    98  led_max7219.o(.text.LCD_TwoNumber)
    MAIN_APP                                 0x0800083d   Thumb Code    90  app_function.o(.text.MAIN_APP)
    MAX7219_Init                             0x08000899   Thumb Code    74  led_max7219.o(.text.MAX7219_Init)
    NVIC_ClearPendingFlag                    0x080008e5   Thumb Code    50  nvic.o(.text.NVIC_ClearPendingFlag)
    NVIC_EnableInterrupt                     0x08000919   Thumb Code    50  nvic.o(.text.NVIC_EnableInterrupt)
    NVIC_SetPriority                         0x0800094d   Thumb Code    54  nvic.o(.text.NVIC_SetPriority)
    SPI1_DisableSlave                        0x08000985   Thumb Code    18  spi.o(.text.SPI1_DisableSlave)
    SPI1_Enable                              0x08000999   Thumb Code    18  spi.o(.text.SPI1_Enable)
    SPI1_EnableSlave                         0x080009ad   Thumb Code    18  spi.o(.text.SPI1_EnableSlave)
    SPI1_IRQHandler                          0x080009c1   Thumb Code    22  spi.o(.text.SPI1_IRQHandler)
    SPI1_Init                                0x080009d9   Thumb Code   210  spi.o(.text.SPI1_Init)
    SPI1_Send16bit                           0x08000aad   Thumb Code   118  spi.o(.text.SPI1_Send16bit)
    SetPinInput                              0x08000c35   Thumb Code   866  gpio.o(.text.SetPinInput)
    SetPinOutput                             0x08000f99   Thumb Code   582  gpio.o(.text.SetPinOutput)
    Softtimer_Init                           0x08001389   Thumb Code    58  softtimer.o(.text.Softtimer_Init)
    Softtimer_MainFunction                   0x080013c5   Thumb Code   202  softtimer.o(.text.Softtimer_MainFunction)
    SysTick_Handler                          0x08001491   Thumb Code    16  softtimer.o(.text.SysTick_Handler)
    SystemInit                               0x080014a1   Thumb Code   102  system_stm32f10x.o(.text.SystemInit)
    TIM2_IRQHandler                          0x08001509   Thumb Code    44  timer.o(.text.TIM2_IRQHandler)
    TIM2_Init                                0x08001535   Thumb Code   140  timer.o(.text.TIM2_Init)
    USART1_IRQHandler                        0x080015c1   Thumb Code     8  uart.o(.text.USART1_IRQHandler)
    USART1_Init                              0x080015c9   Thumb Code   134  uart.o(.text.USART1_Init)
    Uart_GetReceiveData                      0x08001665   Thumb Code   194  uart.o(.text.Uart_GetReceiveData)
    Uart_RxMainFunction                      0x08001729   Thumb Code    82  uart.o(.text.Uart_RxMainFunction)
    Uart_TxMainFunction                      0x0800177d   Thumb Code   130  uart.o(.text.Uart_TxMainFunction)
    main                                     0x08001801   Thumb Code    12  main.o(.text.main)
    strcmp                                   0x0800180d   Thumb Code    78  string.o(.text.strcmp)
    Region$$Table$$Base                      0x08001864   Number         0  anon$$obj.o(Region$$Table)
    Region$$Table$$Limit                     0x08001874   Number         0  anon$$obj.o(Region$$Table)
    __libspace_start                         0x20000000   Data          96  libspace.o(.bss)
    __temporary_stack_top$libspace           0x20000060   Data           0  libspace.o(.bss)
    Tick_us                                  0x20000110   Data           4  timer.o(.bss.Tick_us)
    TimeCountMs                              0x20000114   Data           4  softtimer.o(.bss.TimeCountMs)



==============================================================================

Memory Map of the image

  Image Entry point : 0x080000ed

  Load Region LR_IROM1 (Base: 0x08000000, Size: 0x00001874, Max: 0x00010000, ABSOLUTE)

    Execution Region ER_IROM1 (Exec base: 0x08000000, Load base: 0x08000000, Size: 0x00001874, Max: 0x00010000, ABSOLUTE)

    Exec Addr    Load Addr    Size         Type   Attr      Idx    E Section Name        Object

    0x08000000   0x08000000   0x000000ec   Data   RO          271    RESET               startup_stm32f10x_md.o
    0x080000ec   0x080000ec   0x00000008   Code   RO          299  * !!!main             c_w.l(__main.o)
    0x080000f4   0x080000f4   0x00000034   Code   RO          464    !!!scatter          c_w.l(__scatter.o)
    0x08000128   0x08000128   0x0000001c   Code   RO          466    !!handler_zi        c_w.l(__scatter_zi.o)
    0x08000144   0x08000144   0x00000002   Code   RO          326    .ARM.Collect$$libinit$$00000000  c_w.l(libinit.o)
    0x08000146   0x08000146   0x00000000   Code   RO          333    .ARM.Collect$$libinit$$00000002  c_w.l(libinit2.o)
    0x08000146   0x08000146   0x00000000   Code   RO          335    .ARM.Collect$$libinit$$00000004  c_w.l(libinit2.o)
    0x08000146   0x08000146   0x00000000   Code   RO          337    .ARM.Collect$$libinit$$00000006  c_w.l(libinit2.o)
    0x08000146   0x08000146   0x00000000   Code   RO          340    .ARM.Collect$$libinit$$0000000C  c_w.l(libinit2.o)
    0x08000146   0x08000146   0x00000000   Code   RO          342    .ARM.Collect$$libinit$$0000000E  c_w.l(libinit2.o)
    0x08000146   0x08000146   0x00000000   Code   RO          344    .ARM.Collect$$libinit$$00000010  c_w.l(libinit2.o)
    0x08000146   0x08000146   0x00000000   Code   RO          347    .ARM.Collect$$libinit$$00000013  c_w.l(libinit2.o)
    0x08000146   0x08000146   0x00000000   Code   RO          349    .ARM.Collect$$libinit$$00000015  c_w.l(libinit2.o)
    0x08000146   0x08000146   0x00000000   Code   RO          351    .ARM.Collect$$libinit$$00000017  c_w.l(libinit2.o)
    0x08000146   0x08000146   0x00000000   Code   RO          353    .ARM.Collect$$libinit$$00000019  c_w.l(libinit2.o)
    0x08000146   0x08000146   0x00000000   Code   RO          355    .ARM.Collect$$libinit$$0000001B  c_w.l(libinit2.o)
    0x08000146   0x08000146   0x00000000   Code   RO          357    .ARM.Collect$$libinit$$0000001D  c_w.l(libinit2.o)
    0x08000146   0x08000146   0x00000000   Code   RO          359    .ARM.Collect$$libinit$$0000001F  c_w.l(libinit2.o)
    0x08000146   0x08000146   0x00000000   Code   RO          361    .ARM.Collect$$libinit$$00000021  c_w.l(libinit2.o)
    0x08000146   0x08000146   0x00000000   Code   RO          363    .ARM.Collect$$libinit$$00000023  c_w.l(libinit2.o)
    0x08000146   0x08000146   0x00000000   Code   RO          365    .ARM.Collect$$libinit$$00000025  c_w.l(libinit2.o)
    0x08000146   0x08000146   0x00000000   Code   RO          367    .ARM.Collect$$libinit$$00000027  c_w.l(libinit2.o)
    0x08000146   0x08000146   0x00000000   Code   RO          371    .ARM.Collect$$libinit$$0000002E  c_w.l(libinit2.o)
    0x08000146   0x08000146   0x00000000   Code   RO          373    .ARM.Collect$$libinit$$00000030  c_w.l(libinit2.o)
    0x08000146   0x08000146   0x00000000   Code   RO          375    .ARM.Collect$$libinit$$00000032  c_w.l(libinit2.o)
    0x08000146   0x08000146   0x00000000   Code   RO          377    .ARM.Collect$$libinit$$00000034  c_w.l(libinit2.o)
    0x08000146   0x08000146   0x00000002   Code   RO          378    .ARM.Collect$$libinit$$00000035  c_w.l(libinit2.o)
    0x08000148   0x08000148   0x00000002   Code   RO          400    .ARM.Collect$$libshutdown$$00000000  c_w.l(libshutdown.o)
    0x0800014a   0x0800014a   0x00000000   Code   RO          415    .ARM.Collect$$libshutdown$$00000002  c_w.l(libshutdown2.o)
    0x0800014a   0x0800014a   0x00000000   Code   RO          417    .ARM.Collect$$libshutdown$$00000004  c_w.l(libshutdown2.o)
    0x0800014a   0x0800014a   0x00000000   Code   RO          420    .ARM.Collect$$libshutdown$$00000007  c_w.l(libshutdown2.o)
    0x0800014a   0x0800014a   0x00000000   Code   RO          423    .ARM.Collect$$libshutdown$$0000000A  c_w.l(libshutdown2.o)
    0x0800014a   0x0800014a   0x00000000   Code   RO          425    .ARM.Collect$$libshutdown$$0000000C  c_w.l(libshutdown2.o)
    0x0800014a   0x0800014a   0x00000000   Code   RO          428    .ARM.Collect$$libshutdown$$0000000F  c_w.l(libshutdown2.o)
    0x0800014a   0x0800014a   0x00000002   Code   RO          429    .ARM.Collect$$libshutdown$$00000010  c_w.l(libshutdown2.o)
    0x0800014c   0x0800014c   0x00000000   Code   RO          301    .ARM.Collect$$rtentry$$00000000  c_w.l(__rtentry.o)
    0x0800014c   0x0800014c   0x00000000   Code   RO          303    .ARM.Collect$$rtentry$$00000002  c_w.l(__rtentry2.o)
    0x0800014c   0x0800014c   0x00000006   Code   RO          315    .ARM.Collect$$rtentry$$00000004  c_w.l(__rtentry4.o)
    0x08000152   0x08000152   0x00000000   Code   RO          305    .ARM.Collect$$rtentry$$00000009  c_w.l(__rtentry2.o)
    0x08000152   0x08000152   0x00000004   Code   RO          306    .ARM.Collect$$rtentry$$0000000A  c_w.l(__rtentry2.o)
    0x08000156   0x08000156   0x00000000   Code   RO          308    .ARM.Collect$$rtentry$$0000000C  c_w.l(__rtentry2.o)
    0x08000156   0x08000156   0x00000008   Code   RO          309    .ARM.Collect$$rtentry$$0000000D  c_w.l(__rtentry2.o)
    0x0800015e   0x0800015e   0x00000002   Code   RO          330    .ARM.Collect$$rtexit$$00000000  c_w.l(rtexit.o)
    0x08000160   0x08000160   0x00000000   Code   RO          380    .ARM.Collect$$rtexit$$00000002  c_w.l(rtexit2.o)
    0x08000160   0x08000160   0x00000004   Code   RO          381    .ARM.Collect$$rtexit$$00000003  c_w.l(rtexit2.o)
    0x08000164   0x08000164   0x00000006   Code   RO          382    .ARM.Collect$$rtexit$$00000004  c_w.l(rtexit2.o)
    0x0800016a   0x0800016a   0x00000002   PAD
    0x0800016c   0x0800016c   0x00000040   Code   RO          272    .text               startup_stm32f10x_md.o
    0x080001ac   0x080001ac   0x00000006   Code   RO          297    .text               c_w.l(heapauxi.o)
    0x080001b2   0x080001b2   0x0000004a   Code   RO          317    .text               c_w.l(sys_stackheap_outer.o)
    0x080001fc   0x080001fc   0x00000012   Code   RO          319    .text               c_w.l(exit.o)
    0x0800020e   0x0800020e   0x00000002   PAD
    0x08000210   0x08000210   0x00000008   Code   RO          327    .text               c_w.l(libspace.o)
    0x08000218   0x08000218   0x0000000c   Code   RO          390    .text               c_w.l(sys_exit.o)
    0x08000224   0x08000224   0x00000002   Code   RO          405    .text               c_w.l(use_no_semi.o)
    0x08000226   0x08000226   0x00000000   Code   RO          407    .text               c_w.l(indicate_semi.o)
    0x08000226   0x08000226   0x00000002   PAD
    0x08000228   0x08000228   0x00000026   Code   RO           15    .text.ACTION        app_function.o
    0x0800024e   0x0800024e   0x00000002   PAD
    0x08000250   0x08000250   0x0000001c   Code   RO           13    .text.APP_Init      app_function.o
    0x0800026c   0x0800026c   0x00000032   Code   RO          261    .text.BufferClear   string.o
    0x0800029e   0x0800029e   0x00000002   PAD
    0x080002a0   0x080002a0   0x00000156   Code   RO           17    .text.Check_Data_UART  app_function.o
    0x080003f6   0x080003f6   0x00000002   PAD
    0x080003f8   0x080003f8   0x00000038   Code   RO          159    .text.Clock_AFIO    clock.o
    0x08000430   0x08000430   0x00000038   Code   RO          161    .text.Clock_SPI1    clock.o
    0x08000468   0x08000468   0x0000014a   Code   RO           19    .text.Decode_Data   app_function.o
    0x080005b2   0x080005b2   0x00000002   PAD
    0x080005b4   0x080005b4   0x00000034   Code   RO          113    .text.Delay_TIM2_ms  timer.o
    0x080005e8   0x080005e8   0x00000038   Code   RO          145    .text.Enable_Disable_Clock_PortA  clock.o
    0x08000620   0x08000620   0x000000fc   Code   RO          143    .text.InitClockHSE  clock.o
    0x0800071c   0x0800071c   0x0000002e   Code   RO          232    .text.LCD_Print     led_max7219.o
    0x0800074a   0x0800074a   0x00000002   PAD
    0x0800074c   0x0800074c   0x00000044   Code   RO          238    .text.LCD_TimeDisplay  led_max7219.o
    0x08000790   0x08000790   0x00000028   Code   RO          234    .text.LCD_TurnOff   led_max7219.o
    0x080007b8   0x080007b8   0x00000062   Code   RO          236    .text.LCD_TwoNumber  led_max7219.o
    0x0800081a   0x0800081a   0x00000002   PAD
    0x0800081c   0x0800081c   0x00000020   Code   RO           21    .text.Link_Number   app_function.o
    0x0800083c   0x0800083c   0x0000005a   Code   RO           11    .text.MAIN_APP      app_function.o
    0x08000896   0x08000896   0x00000002   PAD
    0x08000898   0x08000898   0x0000004a   Code   RO          230    .text.MAX7219_Init  led_max7219.o
    0x080008e2   0x080008e2   0x00000002   PAD
    0x080008e4   0x080008e4   0x00000032   Code   RO          132    .text.NVIC_ClearPendingFlag  nvic.o
    0x08000916   0x08000916   0x00000002   PAD
    0x08000918   0x08000918   0x00000032   Code   RO          128    .text.NVIC_EnableInterrupt  nvic.o
    0x0800094a   0x0800094a   0x00000002   PAD
    0x0800094c   0x0800094c   0x00000036   Code   RO          134    .text.NVIC_SetPriority  nvic.o
    0x08000982   0x08000982   0x00000002   PAD
    0x08000984   0x08000984   0x00000012   Code   RO           89    .text.SPI1_DisableSlave  spi.o
    0x08000996   0x08000996   0x00000002   PAD
    0x08000998   0x08000998   0x00000012   Code   RO           87    .text.SPI1_Enable   spi.o
    0x080009aa   0x080009aa   0x00000002   PAD
    0x080009ac   0x080009ac   0x00000012   Code   RO           93    .text.SPI1_EnableSlave  spi.o
    0x080009be   0x080009be   0x00000002   PAD
    0x080009c0   0x080009c0   0x00000016   Code   RO           99    .text.SPI1_IRQHandler  spi.o
    0x080009d6   0x080009d6   0x00000002   PAD
    0x080009d8   0x080009d8   0x000000d2   Code   RO           83    .text.SPI1_Init     spi.o
    0x08000aaa   0x08000aaa   0x00000002   PAD
    0x08000aac   0x08000aac   0x00000076   Code   RO           85    .text.SPI1_Send16bit  spi.o
    0x08000b22   0x08000b22   0x00000002   PAD
    0x08000b24   0x08000b24   0x00000076   Code   RO          182    .text.SetINPUT      gpio.o
    0x08000b9a   0x08000b9a   0x00000002   PAD
    0x08000b9c   0x08000b9c   0x00000096   Code   RO          188    .text.SetOUTPUT     gpio.o
    0x08000c32   0x08000c32   0x00000002   PAD
    0x08000c34   0x08000c34   0x00000362   Code   RO          180    .text.SetPinInput   gpio.o
    0x08000f96   0x08000f96   0x00000002   PAD
    0x08000f98   0x08000f98   0x00000246   Code   RO          186    .text.SetPinOutput  gpio.o
    0x080011de   0x080011de   0x00000002   PAD
    0x080011e0   0x080011e0   0x00000042   Code   RO          184    .text.SetPullUpDown  gpio.o
    0x08001222   0x08001222   0x00000002   PAD
    0x08001224   0x08001224   0x00000008   Code   RO          281    .text.SetSysClock   system_stm32f10x.o
    0x0800122c   0x0800122c   0x00000122   Code   RO          285    .text.SetSysClockTo72  system_stm32f10x.o
    0x0800134e   0x0800134e   0x00000002   PAD
    0x08001350   0x08001350   0x00000038   Code   RO           41    .text.Setup_GPIO_PA9TX_PA10RX  uart.o
    0x08001388   0x08001388   0x0000003a   Code   RO          211    .text.Softtimer_Init  softtimer.o
    0x080013c2   0x080013c2   0x00000002   PAD
    0x080013c4   0x080013c4   0x000000ca   Code   RO          217    .text.Softtimer_MainFunction  softtimer.o
    0x0800148e   0x0800148e   0x00000002   PAD
    0x08001490   0x08001490   0x00000010   Code   RO          219    .text.SysTick_Handler  softtimer.o
    0x080014a0   0x080014a0   0x00000066   Code   RO          279    .text.SystemInit    system_stm32f10x.o
    0x08001506   0x08001506   0x00000002   PAD
    0x08001508   0x08001508   0x0000002c   Code   RO          117    .text.TIM2_IRQHandler  timer.o
    0x08001534   0x08001534   0x0000008c   Code   RO          111    .text.TIM2_Init     timer.o
    0x080015c0   0x080015c0   0x00000008   Code   RO           45    .text.USART1_IRQHandler  uart.o
    0x080015c8   0x080015c8   0x00000086   Code   RO           39    .text.USART1_Init   uart.o
    0x0800164e   0x0800164e   0x00000002   PAD
    0x08001650   0x08001650   0x00000012   Code   RO           43    .text.USART1_Init_CLK  uart.o
    0x08001662   0x08001662   0x00000002   PAD
    0x08001664   0x08001664   0x000000c2   Code   RO           55    .text.Uart_GetReceiveData  uart.o
    0x08001726   0x08001726   0x00000002   PAD
    0x08001728   0x08001728   0x00000052   Code   RO           47    .text.Uart_RxMainFunction  uart.o
    0x0800177a   0x0800177a   0x00000002   PAD
    0x0800177c   0x0800177c   0x00000082   Code   RO           53    .text.Uart_TxMainFunction  uart.o
    0x080017fe   0x080017fe   0x00000002   PAD
    0x08001800   0x08001800   0x0000000c   Code   RO            2    .text.main          main.o
    0x0800180c   0x0800180c   0x0000004e   Code   RO          249    .text.strcmp        string.o
    0x0800185a   0x0800185a   0x00000008   Data   RO           29    .rodata.str1.1      app_function.o
    0x08001862   0x08001862   0x00000002   PAD
    0x08001864   0x08001864   0x00000010   Data   RO          463    Region$$Table       anon$$obj.o


    Execution Region RW_IRAM1 (Exec base: 0x20000000, Load base: 0x08001874, Size: 0x00000730, Max: 0x00005000, ABSOLUTE)

    Exec Addr    Load Addr    Size         Type   Attr      Idx    E Section Name        Object

    0x20000000        -       0x00000060   Zero   RW          328    .bss                c_w.l(libspace.o)
    0x20000060        -       0x00000014   Zero   RW           28    .bss.Action_Buffer  app_function.o
    0x20000074        -       0x00000001   Zero   RW           30    .bss.Action_Mode    app_function.o
    0x20000075   0x08001874   0x00000003   PAD
    0x20000078        -       0x00000004   Zero   RW          120    .bss.Count          timer.o
    0x2000007c        -       0x00000014   Zero   RW           24    .bss.Data_Read      app_function.o
    0x20000090        -       0x00000001   Zero   RW           67    .bss.Index_Read     uart.o
    0x20000091        -       0x00000001   Zero   RW           68    .bss.Index_Write    uart.o
    0x20000092   0x08001874   0x00000002   PAD
    0x20000094        -       0x00000004   Zero   RW           70    .bss.LengthBufferRead  uart.o
    0x20000098        -       0x00000004   Zero   RW           64    .bss.LengthBufferSend  uart.o
    0x2000009c        -       0x00000004   Zero   RW           25    .bss.Length_Data_Read  app_function.o
    0x200000a0        -       0x00000001   Zero   RW           62    .bss.Receive_State  uart.o
    0x200000a1        -       0x00000001   Zero   RW          103    .bss.SPI_ReadData   spi.o
    0x200000a2        -       0x00000006   Zero   RW           31    .bss.SetTimer       app_function.o
    0x200000a8        -       0x00000014   Zero   RW           69    .bss.Software_Buffer_Read  uart.o
    0x200000bc        -       0x00000014   Zero   RW           63    .bss.Software_Buffer_Send  uart.o
    0x200000d0        -       0x00000001   Zero   RW           27    .bss.Step_Action    app_function.o
    0x200000d1   0x08001874   0x00000003   PAD
    0x200000d4        -       0x0000003c   Zero   RW          222    .bss.TIMER          softtimer.o
    0x20000110        -       0x00000004   Zero   RW          119    .bss.Tick_us        timer.o
    0x20000114        -       0x00000004   Zero   RW          221    .bss.TimeCountMs    softtimer.o
    0x20000118        -       0x00000001   Zero   RW           26    .bss.Time_Mode      app_function.o
    0x20000119        -       0x00000001   Zero   RW           61    .bss.Transmit_State  uart.o
    0x2000011a   0x08001874   0x00000002   PAD
    0x2000011c        -       0x00000004   Zero   RW           66    .bss.Uart_GetReceiveData.LengthCount  uart.o
    0x20000120        -       0x00000004   Zero   RW           65    .bss.Uart_TxMainFunction.idex  uart.o
    0x20000124        -       0x00000006   Zero   RW           23    .bss.Watch          app_function.o
    0x2000012a   0x08001874   0x00000006   PAD
    0x20000130        -       0x00000200   Zero   RW          270    HEAP                startup_stm32f10x_md.o
    0x20000330        -       0x00000400   Zero   RW          269    STACK               startup_stm32f10x_md.o


==============================================================================

Image component sizes


      Code (inc. data)   RO Data    RW Data    ZI Data      Debug   Object Name

       860          0          8          0         59       2107   app_function.o
       420          0          0          0          0       3004   clock.o
      1782          0          0          0          0       4690   gpio.o
       326          0          0          0          0       1373   led_max7219.o
        12          0          0          0          0        344   main.o
       154          0          0          0          0       2459   nvic.o
       276          0          0          0         64       1725   softtimer.o
       404          0          0          0          1       4044   spi.o
        64         26        236          0       1536        828   startup_stm32f10x_md.o
       128          0          0          0          0       1749   string.o
       400          0          0          0          0       2851   system_stm32f10x.o
       236          0          0          0          8       2896   timer.o
       622          0          0          0         60       4920   uart.o

    ----------------------------------------------------------------------
      5746         26        262          0       1744      32990   Object Totals
         0          0         16          0          0          0   (incl. Generated)
        62          0          2          0         16          0   (incl. Padding)

    ----------------------------------------------------------------------

      Code (inc. data)   RO Data    RW Data    ZI Data      Debug   Library Member Name

         8          0          0          0          0         68   __main.o
         0          0          0          0          0          0   __rtentry.o
        12          0          0          0          0          0   __rtentry2.o
         6          0          0          0          0          0   __rtentry4.o
        52          8          0          0          0          0   __scatter.o
        28          0          0          0          0          0   __scatter_zi.o
        18          0          0          0          0         80   exit.o
         6          0          0          0          0        152   heapauxi.o
         0          0          0          0          0          0   indicate_semi.o
         2          0          0          0          0          0   libinit.o
         2          0          0          0          0          0   libinit2.o
         2          0          0          0          0          0   libshutdown.o
         2          0          0          0          0          0   libshutdown2.o
         8          4          0          0         96         68   libspace.o
         2          0          0          0          0          0   rtexit.o
        10          0          0          0          0          0   rtexit2.o
        12          4          0          0          0         68   sys_exit.o
        74          0          0          0          0         80   sys_stackheap_outer.o
         2          0          0          0          0         68   use_no_semi.o

    ----------------------------------------------------------------------
       252         16          0          0         96        584   Library Totals
         6          0          0          0          0          0   (incl. Padding)

    ----------------------------------------------------------------------

      Code (inc. data)   RO Data    RW Data    ZI Data      Debug   Library Name

       246         16          0          0         96        584   c_w.l

    ----------------------------------------------------------------------
       252         16          0          0         96        584   Library Totals

    ----------------------------------------------------------------------

==============================================================================


      Code (inc. data)   RO Data    RW Data    ZI Data      Debug   

      5998         42        262          0       1840      33178   Grand Totals
      5998         42        262          0       1840      33178   ELF Image Totals
      5998         42        262          0          0          0   ROM Totals

==============================================================================

    Total RO  Size (Code + RO Data)                 6260 (   6.11kB)
    Total RW  Size (RW Data + ZI Data)              1840 (   1.80kB)
    Total ROM Size (Code + RO Data + RW Data)       6260 (   6.11kB)

==============================================================================

